Archive member included to satisfy reference by file (symbol)

/opt/st/stm32cubeide_1.13.1/plugins/com.st.stm32cube.ide.mcu.externaltools.gnu-tools-for-stm32.11.3.rel1.linux64_1.1.0.202305231506/tools/bin/../lib/gcc/arm-none-eabi/11.3.1/../../../../arm-none-eabi/lib/thumb/v7e-m+dp/hard/libstdc++_nano.a(new_op.o)
                              ./Src/lib.o (operator new(unsigned int))
/opt/st/stm32cubeide_1.13.1/plugins/com.st.stm32cube.ide.mcu.externaltools.gnu-tools-for-stm32.11.3.rel1.linux64_1.1.0.202305231506/tools/bin/../lib/gcc/arm-none-eabi/11.3.1/../../../../arm-none-eabi/lib/thumb/v7e-m+dp/hard/libstdc++_nano.a(new_opv.o)
                              ./Src/lib.o (operator new[](unsigned int))
/opt/st/stm32cubeide_1.13.1/plugins/com.st.stm32cube.ide.mcu.externaltools.gnu-tools-for-stm32.11.3.rel1.linux64_1.1.0.202305231506/tools/bin/../lib/gcc/arm-none-eabi/11.3.1/../../../../arm-none-eabi/lib/thumb/v7e-m+dp/hard/libstdc++_nano.a(new_handler.o)
                              /opt/st/stm32cubeide_1.13.1/plugins/com.st.stm32cube.ide.mcu.externaltools.gnu-tools-for-stm32.11.3.rel1.linux64_1.1.0.202305231506/tools/bin/../lib/gcc/arm-none-eabi/11.3.1/../../../../arm-none-eabi/lib/thumb/v7e-m+dp/hard/libstdc++_nano.a(new_op.o) (std::get_new_handler())
/opt/st/stm32cubeide_1.13.1/plugins/com.st.stm32cube.ide.mcu.externaltools.gnu-tools-for-stm32.11.3.rel1.linux64_1.1.0.202305231506/tools/bin/../lib/gcc/arm-none-eabi/11.3.1/../../../../arm-none-eabi/lib/thumb/v7e-m+dp/hard/libc_nano.a(libc_a-abort.o)
                              /opt/st/stm32cubeide_1.13.1/plugins/com.st.stm32cube.ide.mcu.externaltools.gnu-tools-for-stm32.11.3.rel1.linux64_1.1.0.202305231506/tools/bin/../lib/gcc/arm-none-eabi/11.3.1/../../../../arm-none-eabi/lib/thumb/v7e-m+dp/hard/libstdc++_nano.a(new_op.o) (abort)
/opt/st/stm32cubeide_1.13.1/plugins/com.st.stm32cube.ide.mcu.externaltools.gnu-tools-for-stm32.11.3.rel1.linux64_1.1.0.202305231506/tools/bin/../lib/gcc/arm-none-eabi/11.3.1/../../../../arm-none-eabi/lib/thumb/v7e-m+dp/hard/libc_nano.a(libc_a-exit.o)
                              /opt/st/stm32cubeide_1.13.1/plugins/com.st.stm32cube.ide.mcu.externaltools.gnu-tools-for-stm32.11.3.rel1.linux64_1.1.0.202305231506/tools/bin/../lib/gcc/arm-none-eabi/11.3.1/../../../../arm-none-eabi/lib/thumb/v7e-m+dp/hard/crt0.o (exit)
/opt/st/stm32cubeide_1.13.1/plugins/com.st.stm32cube.ide.mcu.externaltools.gnu-tools-for-stm32.11.3.rel1.linux64_1.1.0.202305231506/tools/bin/../lib/gcc/arm-none-eabi/11.3.1/../../../../arm-none-eabi/lib/thumb/v7e-m+dp/hard/libc_nano.a(libc_a-malloc.o)
                              /opt/st/stm32cubeide_1.13.1/plugins/com.st.stm32cube.ide.mcu.externaltools.gnu-tools-for-stm32.11.3.rel1.linux64_1.1.0.202305231506/tools/bin/../lib/gcc/arm-none-eabi/11.3.1/../../../../arm-none-eabi/lib/thumb/v7e-m+dp/hard/libstdc++_nano.a(new_op.o) (malloc)
/opt/st/stm32cubeide_1.13.1/plugins/com.st.stm32cube.ide.mcu.externaltools.gnu-tools-for-stm32.11.3.rel1.linux64_1.1.0.202305231506/tools/bin/../lib/gcc/arm-none-eabi/11.3.1/../../../../arm-none-eabi/lib/thumb/v7e-m+dp/hard/libc_nano.a(libc_a-mallocr.o)
                              /opt/st/stm32cubeide_1.13.1/plugins/com.st.stm32cube.ide.mcu.externaltools.gnu-tools-for-stm32.11.3.rel1.linux64_1.1.0.202305231506/tools/bin/../lib/gcc/arm-none-eabi/11.3.1/../../../../arm-none-eabi/lib/thumb/v7e-m+dp/hard/libc_nano.a(libc_a-malloc.o) (_malloc_r)
/opt/st/stm32cubeide_1.13.1/plugins/com.st.stm32cube.ide.mcu.externaltools.gnu-tools-for-stm32.11.3.rel1.linux64_1.1.0.202305231506/tools/bin/../lib/gcc/arm-none-eabi/11.3.1/../../../../arm-none-eabi/lib/thumb/v7e-m+dp/hard/libc_nano.a(libc_a-mlock.o)
                              /opt/st/stm32cubeide_1.13.1/plugins/com.st.stm32cube.ide.mcu.externaltools.gnu-tools-for-stm32.11.3.rel1.linux64_1.1.0.202305231506/tools/bin/../lib/gcc/arm-none-eabi/11.3.1/../../../../arm-none-eabi/lib/thumb/v7e-m+dp/hard/libc_nano.a(libc_a-mallocr.o) (__malloc_lock)
/opt/st/stm32cubeide_1.13.1/plugins/com.st.stm32cube.ide.mcu.externaltools.gnu-tools-for-stm32.11.3.rel1.linux64_1.1.0.202305231506/tools/bin/../lib/gcc/arm-none-eabi/11.3.1/../../../../arm-none-eabi/lib/thumb/v7e-m+dp/hard/libc_nano.a(libc_a-nano-vfprintf_float.o)
                              (_printf_float)
/opt/st/stm32cubeide_1.13.1/plugins/com.st.stm32cube.ide.mcu.externaltools.gnu-tools-for-stm32.11.3.rel1.linux64_1.1.0.202305231506/tools/bin/../lib/gcc/arm-none-eabi/11.3.1/../../../../arm-none-eabi/lib/thumb/v7e-m+dp/hard/libc_nano.a(libc_a-nano-vfprintf_i.o)
                              /opt/st/stm32cubeide_1.13.1/plugins/com.st.stm32cube.ide.mcu.externaltools.gnu-tools-for-stm32.11.3.rel1.linux64_1.1.0.202305231506/tools/bin/../lib/gcc/arm-none-eabi/11.3.1/../../../../arm-none-eabi/lib/thumb/v7e-m+dp/hard/libc_nano.a(libc_a-nano-vfprintf_float.o) (_printf_common)
[...]
Memory Configuration

Name             Origin             Length             Attributes
RAM              0x0000000020000000 0x0000000000080000 xrw
FLASH            0x0000000008000000 0x0000000000200000 xr
*default*        0x0000000000000000 0xffffffffffffffff

Linker script and memory map

LOAD /opt/st/stm32cubeide_1.13.1/plugins/com.st.stm32cube.ide.mcu.externaltools.gnu-tools-for-stm32.11.3.rel1.linux64_1.1.0.202305231506/tools/bin/../lib/gcc/arm-none-eabi/11.3.1/thumb/v7e-m+dp/hard/crti.o
LOAD /opt/st/stm32cubeide_1.13.1/plugins/com.st.stm32cube.ide.mcu.externaltools.gnu-tools-for-stm32.11.3.rel1.linux64_1.1.0.202305231506/tools/bin/../lib/gcc/arm-none-eabi/11.3.1/thumb/v7e-m+dp/hard/crtbegin.o
LOAD /opt/st/stm32cubeide_1.13.1/plugins/com.st.stm32cube.ide.mcu.externaltools.gnu-tools-for-stm32.11.3.rel1.linux64_1.1.0.202305231506/tools/bin/../lib/gcc/arm-none-eabi/11.3.1/../../../../arm-none-eabi/lib/thumb/v7e-m+dp/hard/crt0.o
LOAD ./Src/lib.o
LOAD ./Src/main.o
LOAD ./Src/startup.o
START GROUP
LOAD /opt/st/stm32cubeide_1.13.1/plugins/com.st.stm32cube.ide.mcu.externaltools.gnu-tools-for-stm32.11.3.rel1.linux64_1.1.0.202305231506/tools/bin/../lib/gcc/arm-none-eabi/11.3.1/../../../../arm-none-eabi/lib/thumb/v7e-m+dp/hard/libstdc++_nano.a
LOAD /opt/st/stm32cubeide_1.13.1/plugins/com.st.stm32cube.ide.mcu.externaltools.gnu-tools-for-stm32.11.3.rel1.linux64_1.1.0.202305231506/tools/bin/../lib/gcc/arm-none-eabi/11.3.1/../../../../arm-none-eabi/lib/thumb/v7e-m+dp/hard/libsupc++_nano.a
END GROUP
LOAD /opt/st/stm32cubeide_1.13.1/plugins/com.st.stm32cube.ide.mcu.externaltools.gnu-tools-for-stm32.11.3.rel1.linux64_1.1.0.202305231506/tools/bin/../lib/gcc/arm-none-eabi/11.3.1/../../../../arm-none-eabi/lib/thumb/v7e-m+dp/hard/libstdc++_nano.a
LOAD /opt/st/stm32cubeide_1.13.1/plugins/com.st.stm32cube.ide.mcu.externaltools.gnu-tools-for-stm32.11.3.rel1.linux64_1.1.0.202305231506/tools/bin/../lib/gcc/arm-none-eabi/11.3.1/../../../../arm-none-eabi/lib/thumb/v7e-m+dp/hard/libm.a
LOAD /opt/st/stm32cubeide_1.13.1/plugins/com.st.stm32cube.ide.mcu.externaltools.gnu-tools-for-stm32.11.3.rel1.linux64_1.1.0.202305231506/tools/bin/../lib/gcc/arm-none-eabi/11.3.1/../../../../arm-none-eabi/lib/thumb/v7e-m+dp/hard/libc_nano.a
START GROUP
LOAD /opt/st/stm32cubeide_1.13.1/plugins/com.st.stm32cube.ide.mcu.externaltools.gnu-tools-for-stm32.11.3.rel1.linux64_1.1.0.202305231506/tools/bin/../lib/gcc/arm-none-eabi/11.3.1/thumb/v7e-m+dp/hard/libgcc.a
LOAD /opt/st/stm32cubeide_1.13.1/plugins/com.st.stm32cube.ide.mcu.externaltools.gnu-tools-for-stm32.11.3.rel1.linux64_1.1.0.202305231506/tools/bin/../lib/gcc/arm-none-eabi/11.3.1/../../../../arm-none-eabi/lib/thumb/v7e-m+dp/hard/libc_nano.a
END GROUP
START GROUP
LOAD /opt/st/stm32cubeide_1.13.1/plugins/com.st.stm32cube.ide.mcu.externaltools.gnu-tools-for-stm32.11.3.rel1.linux64_1.1.0.202305231506/tools/bin/../lib/gcc/arm-none-eabi/11.3.1/thumb/v7e-m+dp/hard/libgcc.a
LOAD /opt/st/stm32cubeide_1.13.1/plugins/com.st.stm32cube.ide.mcu.externaltools.gnu-tools-for-stm32.11.3.rel1.linux64_1.1.0.202305231506/tools/bin/../lib/gcc/arm-none-eabi/11.3.1/../../../../arm-none-eabi/lib/thumb/v7e-m+dp/hard/libc_nano.a
LOAD /opt/st/stm32cubeide_1.13.1/plugins/com.st.stm32cube.ide.mcu.externaltools.gnu-tools-for-stm32.11.3.rel1.linux64_1.1.0.202305231506/tools/bin/../lib/gcc/arm-none-eabi/11.3.1/../../../../arm-none-eabi/lib/thumb/v7e-m+dp/hard/libnosys.a
END GROUP
START GROUP
LOAD /opt/st/stm32cubeide_1.13.1/plugins/com.st.stm32cube.ide.mcu.externaltools.gnu-tools-for-stm32.11.3.rel1.linux64_1.1.0.202305231506/tools/bin/../lib/gcc/arm-none-eabi/11.3.1/thumb/v7e-m+dp/hard/libgcc.a
LOAD /opt/st/stm32cubeide_1.13.1/plugins/com.st.stm32cube.ide.mcu.externaltools.gnu-tools-for-stm32.11.3.rel1.linux64_1.1.0.202305231506/tools/bin/../lib/gcc/arm-none-eabi/11.3.1/../../../../arm-none-eabi/lib/thumb/v7e-m+dp/hard/libc_nano.a
LOAD /opt/st/stm32cubeide_1.13.1/plugins/com.st.stm32cube.ide.mcu.externaltools.gnu-tools-for-stm32.11.3.rel1.linux64_1.1.0.202305231506/tools/bin/../lib/gcc/arm-none-eabi/11.3.1/../../../../arm-none-eabi/lib/thumb/v7e-m+dp/hard/libnosys.a
END GROUP
LOAD /opt/st/stm32cubeide_1.13.1/plugins/com.st.stm32cube.ide.mcu.externaltools.gnu-tools-for-stm32.11.3.rel1.linux64_1.1.0.202305231506/tools/bin/../lib/gcc/arm-none-eabi/11.3.1/thumb/v7e-m+dp/hard/crtend.o
LOAD /opt/st/stm32cubeide_1.13.1/plugins/com.st.stm32cube.ide.mcu.externaltools.gnu-tools-for-stm32.11.3.rel1.linux64_1.1.0.202305231506/tools/bin/../lib/gcc/arm-none-eabi/11.3.1/thumb/v7e-m+dp/hard/crtn.o
                0x0000000020080000                _estack = (ORIGIN (RAM) + LENGTH (RAM))
                0x0000000000000200                _Min_Heap_Size = 0x200
                0x0000000000000400                _Min_Stack_Size = 0x400

.isr_vector     0x0000000008000000      0x1f8
                0x0000000008000000                . = ALIGN (0x4)
 *(.isr_vector)
 .isr_vector    0x0000000008000000      0x1f8 ./Src/startup.o
                0x0000000008000000                g_pfnVectors
                0x00000000080001f8                . = ALIGN (0x4)

.text           0x0000000008000200     0xb450
                0x0000000008000200                . = ALIGN (0x4)
 *(.text)
 .text          0x0000000008000200       0x40 /opt/st/stm32cubeide_1.13.1/plugins/com.st.stm32cube.ide.mcu.externaltools.gnu-tools-for-stm32.11.3.rel1.linux64_1.1.0.202305231506/tools/bin/../lib/gcc/arm-none-eabi/11.3.1/thumb/v7e-m+dp/hard/crtbegin.o
 .text          0x0000000008000240       0x48 ./Src/startup.o
                0x0000000008000254                save_context
                0x000000000800026e                load_context
 *fill*         0x0000000008000288        0x8 
 .text          0x0000000008000290       0xa0 /opt/st/stm32cubeide_1.13.1/plugins/com.st.stm32cube.ide.mcu.externaltools.gnu-tools-for-stm32.11.3.rel1.linux64_1.1.0.202305231506/tools/bin/../lib/gcc/arm-none-eabi/11.3.1/../../../../arm-none-eabi/lib/thumb/v7e-m+dp/hard/libc_nano.a(libc_a-memchr.o)
                0x0000000008000290                memchr
 .text          0x0000000008000330       0x10 /opt/st/stm32cubeide_1.13.1/plugins/com.st.stm32cube.ide.mcu.externaltools.gnu-tools-for-stm32.11.3.rel1.linux64_1.1.0.202305231506/tools/bin/../lib/gcc/arm-none-eabi/11.3.1/../../../../arm-none-eabi/lib/thumb/v7e-m+dp/hard/libc_nano.a(libc_a-strlen.o)
                0x0000000008000330                strlen
 *(.text*)
 .text.__NVIC_EnableIRQ
                0x0000000008000340       0x3c ./Src/lib.o
 .text.__NVIC_SystemReset
                0x000000000800037c       0x2c ./Src/lib.o
 .text._ZN9EmbSysLib2Hw14DisplayGraphic7refreshEv
                0x00000000080003a8       0x14 ./Src/lib.o
                0x00000000080003a8                EmbSysLib::Hw::DisplayGraphic::refresh()
 .text._ZN9EmbSysLib2Hw14DisplayGraphic8getWidthEv
                0x00000000080003bc       0x18 ./Src/lib.o
                0x00000000080003bc                EmbSysLib::Hw::DisplayGraphic::getWidth()
 .text._ZN9EmbSysLib2Hw14DisplayGraphic9getHeightEv
                0x00000000080003d4       0x18 ./Src/lib.o
                0x00000000080003d4                EmbSysLib::Hw::DisplayGraphic::getHeight()
 .text._ZN9EmbSysLib2Hw14DisplayGraphic9RGB2colorEhhh
                0x00000000080003ec       0x4c ./Src/lib.o
                0x00000000080003ec                EmbSysLib::Hw::DisplayGraphic::RGB2color(unsigned char, unsigned char, unsigned char)
 .text._ZN9EmbSysLib3Dev7Digital3setEv
                0x0000000008000438       0x1e ./Src/lib.o
                0x0000000008000438                EmbSysLib::Dev::Digital::set()
 .text._ZN9EmbSysLib3Dev7Digital3clrEv
                0x0000000008000456       0x1e ./Src/lib.o
                0x0000000008000456                EmbSysLib::Dev::Digital::clr()
 .text._ZN9EmbSysLib3Dev7Digital6toggleEv
                0x0000000008000474       0x28 ./Src/lib.o
                0x0000000008000474                EmbSysLib::Dev::Digital::toggle()
 .text._ZN9EmbSysLib3Dev7Digital8getEventEv
                0x000000000800049c       0x46 ./Src/lib.o
                0x000000000800049c                EmbSysLib::Dev::Digital::getEvent()
 .text._ZN9EmbSysLib3Dev7DigitalaSEb
                0x00000000080004e2       0x26 ./Src/lib.o
                0x00000000080004e2                EmbSysLib::Dev::Digital::operator=(bool)
 .text._ZN9EmbSysLib3Dev7DigitalaSERS1_
                0x0000000008000508       0x32 ./Src/lib.o
                0x0000000008000508                EmbSysLib::Dev::Digital::operator=(EmbSysLib::Dev::Digital&)
 .text._ZN9EmbSysLib3Dev7DigitalcvbEv
                0x000000000800053a       0x1e ./Src/lib.o
                0x000000000800053a                EmbSysLib::Dev::Digital::operator bool()
 .text._ZN9EmbSysLib2Hw6System16disableInterruptEv
                0x0000000008000558       0x24 ./Src/lib.o
                0x0000000008000558                EmbSysLib::Hw::System::disableInterrupt()
 .text._ZN9EmbSysLib2Hw6System15enableInterruptEv
                0x000000000800057c       0x34 ./Src/lib.o
                0x000000000800057c                EmbSysLib::Hw::System::enableInterrupt()
 .text._ZN9EmbSysLib2Hw6System5resetEv
                0x00000000080005b0       0x1c ./Src/lib.o
                0x00000000080005b0                EmbSysLib::Hw::System::reset()
 *fill*         0x00000000080005cc        0x4 
 .text._ZN9EmbSysLib2Hw6System13delayMicroSecEt
                0x00000000080005d0       0x50 ./Src/lib.o
                0x00000000080005d0                EmbSysLib::Hw::System::delayMicroSec(unsigned short)
 .text._ZN9EmbSysLib2Hw6System13delayMilliSecEt
                0x0000000008000620       0x2a ./Src/lib.o
                0x0000000008000620                EmbSysLib::Hw::System::delayMilliSec(unsigned short)
 *fill*         0x000000000800064a        0x2 
 .text.SystemInit
                0x000000000800064c      0x2c4 ./Src/lib.o
                0x000000000800064c                SystemInit
 .text._Z18System_GetDSIclockv
                0x0000000008000910       0x12 ./Src/lib.o
                0x0000000008000910                System_GetDSIclock()
 .text._ZN9EmbSysLib2Hw9PinConfig3setEP12GPIO_TypeDefhmh
                0x0000000008000922      0x11a ./Src/lib.o
                0x0000000008000922                EmbSysLib::Hw::PinConfig::set(GPIO_TypeDef*, unsigned char, unsigned long, unsigned char)
 .text._ZN9EmbSysLib2Hw9PinConfig3setENS1_8FunctionEm
                0x0000000008000a3c      0x1cc ./Src/lib.o
                0x0000000008000a3c                EmbSysLib::Hw::PinConfig::set(EmbSysLib::Hw::PinConfig::Function, unsigned long)
 .text._ZN9EmbSysLib2Hw7Adc_McuC2ENS1_5AdcIdERNS0_5TimerE
                0x0000000008000c08       0xec ./Src/lib.o
                0x0000000008000c08                EmbSysLib::Hw::Adc_Mcu::Adc_Mcu(EmbSysLib::Hw::Adc_Mcu::AdcId, EmbSysLib::Hw::Timer&)
                0x0000000008000c08                EmbSysLib::Hw::Adc_Mcu::Adc_Mcu(EmbSysLib::Hw::Adc_Mcu::AdcId, EmbSysLib::Hw::Timer&)
 .text._ZN9EmbSysLib2Hw7Adc_Mcu8configChEhh
                0x0000000008000cf4      0x5f0 ./Src/lib.o
                0x0000000008000cf4                EmbSysLib::Hw::Adc_Mcu::configCh(unsigned char, unsigned char)
 .text._ZN9EmbSysLib2Hw7Adc_Mcu9getResultEv
                0x00000000080012e4       0x1c ./Src/lib.o
                0x00000000080012e4                EmbSysLib::Hw::Adc_Mcu::getResult()
 .text._ZN9EmbSysLib2Hw7Adc_Mcu7startChEh
                0x0000000008001300       0x34 ./Src/lib.o
                0x0000000008001300                EmbSysLib::Hw::Adc_Mcu::startCh(unsigned char)
 .text.ADC_IRQHandler
                0x0000000008001334       0xbc ./Src/lib.o
                0x0000000008001334                ADC_IRQHandler
 .text._ZN9EmbSysLib2Hw13I2Cmaster_McuC2ENS1_6I2C_IDEt
                0x00000000080013f0      0x1ac ./Src/lib.o
                0x00000000080013f0                EmbSysLib::Hw::I2Cmaster_Mcu::I2Cmaster_Mcu(EmbSysLib::Hw::I2Cmaster_Mcu::I2C_ID, unsigned short)
                0x00000000080013f0                EmbSysLib::Hw::I2Cmaster_Mcu::I2Cmaster_Mcu(EmbSysLib::Hw::I2Cmaster_Mcu::I2C_ID, unsigned short)
 .text._ZN9EmbSysLib2Hw13I2Cmaster_Mcu5startEh
                0x000000000800159c       0x40 ./Src/lib.o
                0x000000000800159c                EmbSysLib::Hw::I2Cmaster_Mcu::start(unsigned char)
 .text._ZN9EmbSysLib2Hw13I2Cmaster_Mcu4stopEv
                0x00000000080015dc       0x24 ./Src/lib.o
                0x00000000080015dc                EmbSysLib::Hw::I2Cmaster_Mcu::stop()
 .text._ZN9EmbSysLib2Hw13I2Cmaster_Mcu8sendAddrEh
                0x0000000008001600       0x78 ./Src/lib.o
                0x0000000008001600                EmbSysLib::Hw::I2Cmaster_Mcu::sendAddr(unsigned char)
 .text._ZN9EmbSysLib2Hw13I2Cmaster_Mcu9writeByteEh
                0x0000000008001678       0x32 ./Src/lib.o
                0x0000000008001678                EmbSysLib::Hw::I2Cmaster_Mcu::writeByte(unsigned char)
 .text._ZN9EmbSysLib2Hw13I2Cmaster_Mcu11readByteAckEv
                0x00000000080016aa       0x32 ./Src/lib.o
                0x00000000080016aa                EmbSysLib::Hw::I2Cmaster_Mcu::readByteAck()
 .text._ZN9EmbSysLib2Hw13I2Cmaster_Mcu12readByteNackEv
                0x00000000080016dc       0x32 ./Src/lib.o
                0x00000000080016dc                EmbSysLib::Hw::I2Cmaster_Mcu::readByteNack()
 .text._ZN9EmbSysLib2Hw13I2Cmaster_Mcu11waitForAcknEm
                0x000000000800170e       0x5e ./Src/lib.o
                0x000000000800170e                EmbSysLib::Hw::I2Cmaster_Mcu::waitForAckn(unsigned long)
 .text._ZN9EmbSysLib2Hw8Port_McuC2ENS1_6PortIdE
                0x000000000800176c      0x160 ./Src/lib.o
                0x000000000800176c                EmbSysLib::Hw::Port_Mcu::Port_Mcu(EmbSysLib::Hw::Port_Mcu::PortId)
                0x000000000800176c                EmbSysLib::Hw::Port_Mcu::Port_Mcu(EmbSysLib::Hw::Port_Mcu::PortId)
 .text._ZN9EmbSysLib2Hw8Port_Mcu7setModeEmNS0_4Port4ModeE
                0x00000000080018cc       0x4a ./Src/lib.o
                0x00000000080018cc                EmbSysLib::Hw::Port_Mcu::setMode(unsigned long, EmbSysLib::Hw::Port::Mode)
 .text._ZN9EmbSysLib2Hw8Port_Mcu10setPinModeEhNS0_4Port4ModeE
                0x0000000008001916       0x72 ./Src/lib.o
                0x0000000008001916                EmbSysLib::Hw::Port_Mcu::setPinMode(unsigned char, EmbSysLib::Hw::Port::Mode)
 .text._ZN9EmbSysLib2Hw8Port_Mcu3setEm
                0x0000000008001988       0x1e ./Src/lib.o
                0x0000000008001988                EmbSysLib::Hw::Port_Mcu::set(unsigned long)
 .text._ZN9EmbSysLib2Hw8Port_Mcu3setEmm
                0x00000000080019a6       0x34 ./Src/lib.o
                0x00000000080019a6                EmbSysLib::Hw::Port_Mcu::set(unsigned long, unsigned long)
 .text._ZN9EmbSysLib2Hw8Port_Mcu3clrEm
                0x00000000080019da       0x20 ./Src/lib.o
                0x00000000080019da                EmbSysLib::Hw::Port_Mcu::clr(unsigned long)
 .text._ZN9EmbSysLib2Hw8Port_Mcu3getEv
                0x00000000080019fa       0x1a ./Src/lib.o
                0x00000000080019fa                EmbSysLib::Hw::Port_Mcu::get()
 .text.SysTick_Handler
                0x0000000008001a14       0x4c ./Src/lib.o
                0x0000000008001a14                SysTick_Handler
 .text.PendSV_Handler
                0x0000000008001a60       0x3c ./Src/lib.o
                0x0000000008001a60                PendSV_Handler
 *fill*         0x0000000008001a9c        0x4 
 .text._ZN9EmbSysLib2Hw9Timer_McuC2ENS1_7TimerIdEm
                0x0000000008001aa0      0x320 ./Src/lib.o
                0x0000000008001aa0                EmbSysLib::Hw::Timer_Mcu::Timer_Mcu(EmbSysLib::Hw::Timer_Mcu::TimerId, unsigned long)
                0x0000000008001aa0                EmbSysLib::Hw::Timer_Mcu::Timer_Mcu(EmbSysLib::Hw::Timer_Mcu::TimerId, unsigned long)
 .text._ZN9EmbSysLib2Hw9Timer_Mcu9enablePWMEhNS0_5Timer4ModeE
                0x0000000008001dc0      0x454 ./Src/lib.o
                0x0000000008001dc0                EmbSysLib::Hw::Timer_Mcu::enablePWM(unsigned char, EmbSysLib::Hw::Timer::Mode)
 .text._ZN9EmbSysLib2Hw9Timer_Mcu6setPWMEht
                0x0000000008002214       0x7c ./Src/lib.o
                0x0000000008002214                EmbSysLib::Hw::Timer_Mcu::setPWM(unsigned char, unsigned short)
 .text._ZN9EmbSysLib2Hw9Timer_Mcu3isrEv
                0x0000000008002290       0x26 ./Src/lib.o
                0x0000000008002290                EmbSysLib::Hw::Timer_Mcu::isr()
 *fill*         0x00000000080022b6        0x2 
 .text.TIM1_UP_TIM10_IRQHandler
                0x00000000080022b8       0x8c ./Src/lib.o
                0x00000000080022b8                TIM1_UP_TIM10_IRQHandler
 .text.TIM1_TRG_COM_TIM11_IRQHandler
                0x0000000008002344       0x34 ./Src/lib.o
                0x0000000008002344                TIM1_TRG_COM_TIM11_IRQHandler
 .text.TIM8_TRG_COM_TIM14_IRQHandler
                0x0000000008002378       0x34 ./Src/lib.o
                0x0000000008002378                TIM8_TRG_COM_TIM14_IRQHandler
 .text.TIM2_IRQHandler
                0x00000000080023ac       0x18 ./Src/lib.o
                0x00000000080023ac                TIM2_IRQHandler
 .text.TIM3_IRQHandler
                0x00000000080023c4       0x18 ./Src/lib.o
                0x00000000080023c4                TIM3_IRQHandler
 .text.TIM4_IRQHandler
                0x00000000080023dc       0x18 ./Src/lib.o
                0x00000000080023dc                TIM4_IRQHandler
 .text.TIM5_IRQHandler
                0x00000000080023f4       0x18 ./Src/lib.o
                0x00000000080023f4                TIM5_IRQHandler
 .text.TIM7_IRQHandler
                0x000000000800240c       0x18 ./Src/lib.o
                0x000000000800240c                TIM7_IRQHandler
 .text.TIM8_CC_IRQHandler
                0x0000000008002424       0x18 ./Src/lib.o
                0x0000000008002424                TIM8_CC_IRQHandler
 .text._ZN9EmbSysLib2Hw8Uart_McuC2ENS1_8USART_IdEmhtt
                0x000000000800243c      0x300 ./Src/lib.o
                0x000000000800243c                EmbSysLib::Hw::Uart_Mcu::Uart_Mcu(EmbSysLib::Hw::Uart_Mcu::USART_Id, unsigned long, unsigned char, unsigned short, unsigned short)
                0x000000000800243c                EmbSysLib::Hw::Uart_Mcu::Uart_Mcu(EmbSysLib::Hw::Uart_Mcu::USART_Id, unsigned long, unsigned char, unsigned short, unsigned short)
 .text._ZN9EmbSysLib2Hw8Uart_Mcu7getByteEv
                0x000000000800273c       0x1c ./Src/lib.o
                0x000000000800273c                EmbSysLib::Hw::Uart_Mcu::getByte()
 .text._ZN9EmbSysLib2Hw8Uart_Mcu7setByteEh
                0x0000000008002758       0x20 ./Src/lib.o
                0x0000000008002758                EmbSysLib::Hw::Uart_Mcu::setByte(unsigned char)
 .text._ZN9EmbSysLib2Hw8Uart_Mcu11setBaudrateEm
                0x0000000008002778       0x9c ./Src/lib.o
                0x0000000008002778                EmbSysLib::Hw::Uart_Mcu::setBaudrate(unsigned long)
 .text._ZN9EmbSysLib2Hw8Uart_Mcu3isrEv
                0x0000000008002814       0x6c ./Src/lib.o
                0x0000000008002814                EmbSysLib::Hw::Uart_Mcu::isr()
 .text.USART1_IRQHandler
                0x0000000008002880       0x18 ./Src/lib.o
                0x0000000008002880                USART1_IRQHandler
 .text.USART2_IRQHandler
                0x0000000008002898       0x18 ./Src/lib.o
                0x0000000008002898                USART2_IRQHandler
 .text.USART3_IRQHandler
                0x00000000080028b0       0x18 ./Src/lib.o
                0x00000000080028b0                USART3_IRQHandler
 .text.UART4_IRQHandler
                0x00000000080028c8       0x18 ./Src/lib.o
                0x00000000080028c8                UART4_IRQHandler
 .text.UART5_IRQHandler
                0x00000000080028e0       0x18 ./Src/lib.o
                0x00000000080028e0                UART5_IRQHandler
 .text.USART6_IRQHandler
                0x00000000080028f8       0x18 ./Src/lib.o
                0x00000000080028f8                USART6_IRQHandler
 .text._ZN9EmbSysLib2Hw13USBdevice_Mcu10EndpointIN6configEth
                0x0000000008002910       0x98 ./Src/lib.o
                0x0000000008002910                EmbSysLib::Hw::USBdevice_Mcu::EndpointIN::config(unsigned short, unsigned char)
 .text._ZN9EmbSysLib2Hw13USBdevice_Mcu10EndpointIN11writeToFifoEv
                0x00000000080029a8       0xb0 ./Src/lib.o
                0x00000000080029a8                EmbSysLib::Hw::USBdevice_Mcu::EndpointIN::writeToFifo()
 .text._ZN9EmbSysLib2Hw13USBdevice_Mcu10EndpointIN8transmitEb
                0x0000000008002a58       0xc0 ./Src/lib.o
                0x0000000008002a58                EmbSysLib::Hw::USBdevice_Mcu::EndpointIN::transmit(bool)
 .text._ZN9EmbSysLib2Hw13USBdevice_Mcu10EndpointIN11transmitZLPEv
                0x0000000008002b18       0x40 ./Src/lib.o
                0x0000000008002b18                EmbSysLib::Hw::USBdevice_Mcu::EndpointIN::transmitZLP()
 .text._ZN9EmbSysLib2Hw13USBdevice_Mcu10EndpointIN12getInterruptEv
                0x0000000008002b58       0x3c ./Src/lib.o
                0x0000000008002b58                EmbSysLib::Hw::USBdevice_Mcu::EndpointIN::getInterrupt()
 .text._ZN9EmbSysLib2Hw13USBdevice_Mcu10EndpointIN12clrInterruptEm
                0x0000000008002b94       0x2a ./Src/lib.o
                0x0000000008002b94                EmbSysLib::Hw::USBdevice_Mcu::EndpointIN::clrInterrupt(unsigned long)
 *fill*         0x0000000008002bbe        0x2 
 .text._ZN9EmbSysLib2Hw13USBdevice_Mcu11EndpointOUT6configEth
                0x0000000008002bc0       0x9c ./Src/lib.o
                0x0000000008002bc0                EmbSysLib::Hw::USBdevice_Mcu::EndpointOUT::config(unsigned short, unsigned char)
 .text._ZN9EmbSysLib2Hw13USBdevice_Mcu11EndpointOUT12readFromFifoEt
                0x0000000008002c5c       0x66 ./Src/lib.o
                0x0000000008002c5c                EmbSysLib::Hw::USBdevice_Mcu::EndpointOUT::readFromFifo(unsigned short)
 *fill*         0x0000000008002cc2        0x2 
 .text._ZN9EmbSysLib2Hw13USBdevice_Mcu11EndpointOUT7receiveEv
                0x0000000008002cc4       0xac ./Src/lib.o
                0x0000000008002cc4                EmbSysLib::Hw::USBdevice_Mcu::EndpointOUT::receive()
 .text._ZN9EmbSysLib2Hw13USBdevice_Mcu11EndpointOUT10receiveZLPEv
                0x0000000008002d70       0x58 ./Src/lib.o
                0x0000000008002d70                EmbSysLib::Hw::USBdevice_Mcu::EndpointOUT::receiveZLP()
 .text._ZN9EmbSysLib2Hw13USBdevice_Mcu11EndpointOUT12getInterruptEv
                0x0000000008002dc8       0x28 ./Src/lib.o
                0x0000000008002dc8                EmbSysLib::Hw::USBdevice_Mcu::EndpointOUT::getInterrupt()
 .text._ZN9EmbSysLib2Hw13USBdevice_Mcu11EndpointOUT12clrInterruptEm
                0x0000000008002df0       0x2a ./Src/lib.o
                0x0000000008002df0                EmbSysLib::Hw::USBdevice_Mcu::EndpointOUT::clrInterrupt(unsigned long)
 *fill*         0x0000000008002e1a        0x2 
 .text._ZN9EmbSysLib2Hw13USBdevice_Mcu3isrEv
                0x0000000008002e1c      0x57c ./Src/lib.o
                0x0000000008002e1c                EmbSysLib::Hw::USBdevice_Mcu::isr()
 .text._ZN9EmbSysLib2Hw13USBdevice_Mcu14getInInterruptEv
                0x0000000008003398       0x24 ./Src/lib.o
                0x0000000008003398                EmbSysLib::Hw::USBdevice_Mcu::getInInterrupt()
 .text._ZN9EmbSysLib2Hw13USBdevice_Mcu15getOutInterruptEv
                0x00000000080033bc       0x28 ./Src/lib.o
                0x00000000080033bc                EmbSysLib::Hw::USBdevice_Mcu::getOutInterrupt()
 .text._ZN9EmbSysLib2Hw13USBdevice_Mcu18isInterruptPendingEm
                0x00000000080033e4       0x34 ./Src/lib.o
                0x00000000080033e4                EmbSysLib::Hw::USBdevice_Mcu::isInterruptPending(unsigned long)
 .text._ZN9EmbSysLib2Hw13USBdevice_Mcu12clrInterruptEm
                0x0000000008003418       0x26 ./Src/lib.o
                0x0000000008003418                EmbSysLib::Hw::USBdevice_Mcu::clrInterrupt(unsigned long)
 *fill*         0x000000000800343e        0x2 
 .text.OTG_FS_IRQHandler
                0x0000000008003440       0x18 ./Src/lib.o
                0x0000000008003440                OTG_FS_IRQHandler
 .text._ZN9EmbSysLib3Std6ReportC2Et
                0x0000000008003458       0x26 ./Src/lib.o
                0x0000000008003458                EmbSysLib::Std::Report::Report(unsigned short)
                0x0000000008003458                EmbSysLib::Std::Report::Report(unsigned short)
 *fill*         0x000000000800347e        0x2 
 .text._ZN9EmbSysLib3Std6Report5storeEt
                0x0000000008003480       0x44 ./Src/lib.o
                0x0000000008003480                EmbSysLib::Std::Report::store(unsigned short)
 .text._ZN9EmbSysLib3Std6Report5errorEt
                0x00000000080034c4       0x48 ./Src/lib.o
                0x00000000080034c4                EmbSysLib::Std::Report::error(unsigned short)
 .text._ZN9EmbSysLib3Std6Report7HandlerC2Ev
                0x000000000800350c       0x2c ./Src/lib.o
                0x000000000800350c                EmbSysLib::Std::Report::Handler::Handler()
                0x000000000800350c                EmbSysLib::Std::Report::Handler::Handler()
 .text._ZN9EmbSysLib3Std6Report7HandlerD2Ev
                0x0000000008003538       0x34 ./Src/lib.o
                0x0000000008003538                EmbSysLib::Std::Report::Handler::~Handler()
                0x0000000008003538                EmbSysLib::Std::Report::Handler::~Handler()
 .text._ZN9EmbSysLib2Hw5Timer4TaskC2Ev
                0x000000000800356c       0x28 ./Src/lib.o
                0x000000000800356c                EmbSysLib::Hw::Timer::Task::Task()
                0x000000000800356c                EmbSysLib::Hw::Timer::Task::Task()
 .text._ZN9EmbSysLib2Hw3AdcC2EthRNS0_5TimerE
                0x0000000008003594       0xb8 ./Src/lib.o
                0x0000000008003594                EmbSysLib::Hw::Adc::Adc(unsigned short, unsigned char, EmbSysLib::Hw::Timer&)
                0x0000000008003594                EmbSysLib::Hw::Adc::Adc(unsigned short, unsigned char, EmbSysLib::Hw::Timer&)
 .text._ZN9EmbSysLib2Hw3Adc6enableEhh
                0x000000000800364c       0xa8 ./Src/lib.o
                0x000000000800364c                EmbSysLib::Hw::Adc::enable(unsigned char, unsigned char)
 .text._ZN9EmbSysLib2Hw3Adc3getEh
                0x00000000080036f4       0x24 ./Src/lib.o
                0x00000000080036f4                EmbSysLib::Hw::Adc::get(unsigned char)
 .text._ZN9EmbSysLib2Hw3Adc6updateEv
                0x0000000008003718       0x54 ./Src/lib.o
                0x0000000008003718                EmbSysLib::Hw::Adc::update()
 .text._ZN9EmbSysLib2Hw3Adc3isrEv
                0x000000000800376c       0x84 ./Src/lib.o
                0x000000000800376c                EmbSysLib::Hw::Adc::isr()
 .text._ZN9EmbSysLib2Hw4FontC2EPKNS1_6HeaderEPKh
                0x00000000080037f0       0x2c ./Src/lib.o
                0x00000000080037f0                EmbSysLib::Hw::Font::Font(EmbSysLib::Hw::Font::Header const*, unsigned char const*)
                0x00000000080037f0                EmbSysLib::Hw::Font::Font(EmbSysLib::Hw::Font::Header const*, unsigned char const*)
 .text._ZNK9EmbSysLib2Hw4Font12getCharWidthEv
                0x000000000800381c       0x1a ./Src/lib.o
                0x000000000800381c                EmbSysLib::Hw::Font::getCharWidth() const
 .text._ZNK9EmbSysLib2Hw4Font13getCharHeightEv
                0x0000000008003836       0x1a ./Src/lib.o
                0x0000000008003836                EmbSysLib::Hw::Font::getCharHeight() const
 .text._ZN9EmbSysLib2Hw4Font7setCharEh
                0x0000000008003850       0x56 ./Src/lib.o
                0x0000000008003850                EmbSysLib::Hw::Font::setChar(unsigned char)
 .text._ZN9EmbSysLib2Hw4Font8getPixelEhh
                0x00000000080038a6       0x6a ./Src/lib.o
                0x00000000080038a6                EmbSysLib::Hw::Font::getPixel(unsigned char, unsigned char)
 .text._ZNK9EmbSysLib2Hw6Bitmap8getWidthEv
                0x0000000008003910       0x1a ./Src/lib.o
                0x0000000008003910                EmbSysLib::Hw::Bitmap::getWidth() const
 .text._ZNK9EmbSysLib2Hw6Bitmap9getHeightEv
                0x000000000800392a       0x1a ./Src/lib.o
                0x000000000800392a                EmbSysLib::Hw::Bitmap::getHeight() const
 .text._ZN9EmbSysLib2Hw6Bitmap8getPixelEtt
                0x0000000008003944       0x38 ./Src/lib.o
                0x0000000008003944                EmbSysLib::Hw::Bitmap::getPixel(unsigned short, unsigned short)
 .text._ZN9EmbSysLib2Hw11DisplayCharC2Ethh
                0x000000000800397c       0x4c ./Src/lib.o
                0x000000000800397c                EmbSysLib::Hw::DisplayChar::DisplayChar(unsigned short, unsigned char, unsigned char)
                0x000000000800397c                EmbSysLib::Hw::DisplayChar::DisplayChar(unsigned short, unsigned char, unsigned char)
 .text._ZN9EmbSysLib2Hw11DisplayChar16getNumberOfLinesEv
                0x00000000080039c8       0x1a ./Src/lib.o
                0x00000000080039c8                EmbSysLib::Hw::DisplayChar::getNumberOfLines()
 .text._ZN9EmbSysLib2Hw11DisplayChar18getNumberOfColumnsEv
                0x00000000080039e2       0x1a ./Src/lib.o
                0x00000000080039e2                EmbSysLib::Hw::DisplayChar::getNumberOfColumns()
 .text._ZN9EmbSysLib2Hw11DisplayChar9putStringEPKc
                0x00000000080039fc       0x36 ./Src/lib.o
                0x00000000080039fc                EmbSysLib::Hw::DisplayChar::putString(char const*)
 *fill*         0x0000000008003a32        0x2 
 .text._ZN9EmbSysLib2Hw14DisplayGraphicC2EtttNS0_4FontEh
                0x0000000008003a34       0xe8 ./Src/lib.o
                0x0000000008003a34                EmbSysLib::Hw::DisplayGraphic::DisplayGraphic(unsigned short, unsigned short, unsigned short, EmbSysLib::Hw::Font, unsigned char)
                0x0000000008003a34                EmbSysLib::Hw::DisplayGraphic::DisplayGraphic(unsigned short, unsigned short, unsigned short, EmbSysLib::Hw::Font, unsigned char)
 .text._ZN9EmbSysLib2Hw14DisplayGraphic7setFontENS0_4FontEh
                0x0000000008003b1c       0x2e ./Src/lib.o
                0x0000000008003b1c                EmbSysLib::Hw::DisplayGraphic::setFont(EmbSysLib::Hw::Font, unsigned char)
 .text._ZN9EmbSysLib2Hw14DisplayGraphic7setZoomEh
                0x0000000008003b4a       0x20 ./Src/lib.o
                0x0000000008003b4a                EmbSysLib::Hw::DisplayGraphic::setZoom(unsigned char)
 .text._ZN9EmbSysLib2Hw14DisplayGraphic12setBackColorEt
                0x0000000008003b6a       0x1e ./Src/lib.o
                0x0000000008003b6a                EmbSysLib::Hw::DisplayGraphic::setBackColor(unsigned short)
 .text._ZN9EmbSysLib2Hw14DisplayGraphic13setPaintColorEt
                0x0000000008003b88       0x1e ./Src/lib.o
                0x0000000008003b88                EmbSysLib::Hw::DisplayGraphic::setPaintColor(unsigned short)
 .text._ZN9EmbSysLib2Hw14DisplayGraphic12setTextColorEt
                0x0000000008003ba6       0x1e ./Src/lib.o
                0x0000000008003ba6                EmbSysLib::Hw::DisplayGraphic::setTextColor(unsigned short)
 .text._ZN9EmbSysLib2Hw14DisplayGraphic12gotoPixelPosEtt
                0x0000000008003bc4       0x28 ./Src/lib.o
                0x0000000008003bc4                EmbSysLib::Hw::DisplayGraphic::gotoPixelPos(unsigned short, unsigned short)
 .text._ZN9EmbSysLib2Hw14DisplayGraphic11gotoTextPosEhh
                0x0000000008003bec       0x6c ./Src/lib.o
                0x0000000008003bec                EmbSysLib::Hw::DisplayGraphic::gotoTextPos(unsigned char, unsigned char)
 .text._ZN9EmbSysLib2Hw14DisplayGraphic7putCharEc
                0x0000000008003c58      0x158 ./Src/lib.o
                0x0000000008003c58                EmbSysLib::Hw::DisplayGraphic::putChar(char)
 .text._ZN9EmbSysLib2Hw14DisplayGraphic8putPixelEtt
                0x0000000008003db0       0x2c ./Src/lib.o
                0x0000000008003db0                EmbSysLib::Hw::DisplayGraphic::putPixel(unsigned short, unsigned short)
 .text._ZN9EmbSysLib2Hw14DisplayGraphic12putRectangleEtttt
                0x0000000008003ddc       0x76 ./Src/lib.o
                0x0000000008003ddc                EmbSysLib::Hw::DisplayGraphic::putRectangle(unsigned short, unsigned short, unsigned short, unsigned short)
 .text._ZN9EmbSysLib2Hw14DisplayGraphic9putBitmapEttNS0_6BitmapE
                0x0000000008003e52       0x9e ./Src/lib.o
                0x0000000008003e52                EmbSysLib::Hw::DisplayGraphic::putBitmap(unsigned short, unsigned short, EmbSysLib::Hw::Bitmap)
 .text._ZN9EmbSysLib2Hw9I2CmasterC2Et
                0x0000000008003ef0       0x34 ./Src/lib.o
                0x0000000008003ef0                EmbSysLib::Hw::I2Cmaster::I2Cmaster(unsigned short)
                0x0000000008003ef0                EmbSysLib::Hw::I2Cmaster::I2Cmaster(unsigned short)
 .text._ZN9EmbSysLib2Hw9I2Cmaster5writeEhPhhS2_h
                0x0000000008003f24       0xcc ./Src/lib.o
                0x0000000008003f24                EmbSysLib::Hw::I2Cmaster::write(unsigned char, unsigned char*, unsigned char, unsigned char*, unsigned char)
 .text._ZN9EmbSysLib2Hw9I2Cmaster4readEhPhhS2_h
                0x0000000008003ff0      0x104 ./Src/lib.o
                0x0000000008003ff0                EmbSysLib::Hw::I2Cmaster::read(unsigned char, unsigned char*, unsigned char, unsigned char*, unsigned char)
 .text._ZN9EmbSysLib2Hw4PortC2Et
                0x00000000080040f4       0x30 ./Src/lib.o
                0x00000000080040f4                EmbSysLib::Hw::Port::Port(unsigned short)
                0x00000000080040f4                EmbSysLib::Hw::Port::Port(unsigned short)
 .text._ZN9EmbSysLib2Hw4Port3PinC2ERS1_h
                0x0000000008004124       0x40 ./Src/lib.o
                0x0000000008004124                EmbSysLib::Hw::Port::Pin::Pin(EmbSysLib::Hw::Port&, unsigned char)
                0x0000000008004124                EmbSysLib::Hw::Port::Pin::Pin(EmbSysLib::Hw::Port&, unsigned char)
 .text._ZN9EmbSysLib2Hw4Port3Pin7setModeENS1_4ModeE
                0x0000000008004164       0x2a ./Src/lib.o
                0x0000000008004164                EmbSysLib::Hw::Port::Pin::setMode(EmbSysLib::Hw::Port::Mode)
 .text._ZN9EmbSysLib2Hw4Port3Pin3setEv
                0x000000000800418e       0x26 ./Src/lib.o
                0x000000000800418e                EmbSysLib::Hw::Port::Pin::set()
 .text._ZN9EmbSysLib2Hw4Port3Pin3setEb
                0x00000000080041b4       0x48 ./Src/lib.o
                0x00000000080041b4                EmbSysLib::Hw::Port::Pin::set(bool)
 .text._ZN9EmbSysLib2Hw4Port3Pin3clrEv
                0x00000000080041fc       0x26 ./Src/lib.o
                0x00000000080041fc                EmbSysLib::Hw::Port::Pin::clr()
 .text._ZN9EmbSysLib2Hw4Port3Pin3getEv
                0x0000000008004222       0x34 ./Src/lib.o
                0x0000000008004222                EmbSysLib::Hw::Port::Pin::get()
 *fill*         0x0000000008004256        0x2 
 .text._ZN9EmbSysLib2Hw5TimerC2Et
                0x0000000008004258       0x38 ./Src/lib.o
                0x0000000008004258                EmbSysLib::Hw::Timer::Timer(unsigned short)
                0x0000000008004258                EmbSysLib::Hw::Timer::Timer(unsigned short)
 .text._ZN9EmbSysLib2Hw5Timer12getCycleTimeEv
                0x0000000008004290       0x18 ./Src/lib.o
                0x0000000008004290                EmbSysLib::Hw::Timer::getCycleTime()
 .text._ZN9EmbSysLib2Hw5Timer3addEPNS1_4TaskE
                0x00000000080042a8       0x1e ./Src/lib.o
                0x00000000080042a8                EmbSysLib::Hw::Timer::add(EmbSysLib::Hw::Timer::Task*)
 .text._ZN9EmbSysLib2Hw5Timer10isrHandlerEv
                0x00000000080042c6       0x3c ./Src/lib.o
                0x00000000080042c6                EmbSysLib::Hw::Timer::isrHandler()
 *fill*         0x0000000008004302        0x2 
 .text._ZN9EmbSysLib2Hw5TouchC2Ettt
                0x0000000008004304       0x5c ./Src/lib.o
                0x0000000008004304                EmbSysLib::Hw::Touch::Touch(unsigned short, unsigned short, unsigned short)
                0x0000000008004304                EmbSysLib::Hw::Touch::Touch(unsigned short, unsigned short, unsigned short)
 .text._ZN9EmbSysLib2Hw5Touch7getPosXEv
                0x0000000008004360       0x18 ./Src/lib.o
                0x0000000008004360                EmbSysLib::Hw::Touch::getPosX()
 .text._ZN9EmbSysLib2Hw5Touch7getPosYEv
                0x0000000008004378       0x18 ./Src/lib.o
                0x0000000008004378                EmbSysLib::Hw::Touch::getPosY()
 .text._ZN9EmbSysLib2Hw5Touch9isTouchedEv
                0x0000000008004390       0x18 ./Src/lib.o
                0x0000000008004390                EmbSysLib::Hw::Touch::isTouched()
 .text._ZN9EmbSysLib2Hw4UartC2Ettt
                0x00000000080043a8       0x9c ./Src/lib.o
                0x00000000080043a8                EmbSysLib::Hw::Uart::Uart(unsigned short, unsigned short, unsigned short)
                0x00000000080043a8                EmbSysLib::Hw::Uart::Uart(unsigned short, unsigned short, unsigned short)
 .text._ZN9EmbSysLib2Hw4Uart5isrRxEv
                0x0000000008004444       0x30 ./Src/lib.o
                0x0000000008004444                EmbSysLib::Hw::Uart::isrRx()
 .text._ZN9EmbSysLib2Hw4Uart5isrTxEv
                0x0000000008004474       0x58 ./Src/lib.o
                0x0000000008004474                EmbSysLib::Hw::Uart::isrTx()
 .text._ZN9EmbSysLib2Hw4Uart12transmitByteEh
                0x00000000080044cc       0x60 ./Src/lib.o
                0x00000000080044cc                EmbSysLib::Hw::Uart::transmitByte(unsigned char)
 .text._ZN9EmbSysLib2Hw4Uart3setEh
                0x000000000800452c       0x24 ./Src/lib.o
                0x000000000800452c                EmbSysLib::Hw::Uart::set(unsigned char)
 .text._ZN9EmbSysLib2Hw4Uart3setEPKht
                0x0000000008004550       0x44 ./Src/lib.o
                0x0000000008004550                EmbSysLib::Hw::Uart::set(unsigned char const*, unsigned short)
 .text._ZN9EmbSysLib2Hw4Uart3setEPKc
                0x0000000008004594       0x34 ./Src/lib.o
                0x0000000008004594                EmbSysLib::Hw::Uart::set(char const*)
 .text._ZN9EmbSysLib2Hw4Uart14isTxBufferFullEv
                0x00000000080045c8       0x1c ./Src/lib.o
                0x00000000080045c8                EmbSysLib::Hw::Uart::isTxBufferFull()
 .text._ZN9EmbSysLib2Hw4Uart3getERh
                0x00000000080045e4       0x38 ./Src/lib.o
                0x00000000080045e4                EmbSysLib::Hw::Uart::get(unsigned char&)
 .text._ZN9EmbSysLib2Hw4Uart3getEv
                0x000000000800461c       0x32 ./Src/lib.o
                0x000000000800461c                EmbSysLib::Hw::Uart::get()
 *fill*         0x000000000800464e        0x2 
 .text._ZN9EmbSysLib3Dev7DigitalC2ERNS_2Hw4PortEhNS1_4ModeEb
                0x0000000008004650       0x68 ./Src/lib.o
                0x0000000008004650                EmbSysLib::Dev::Digital::Digital(EmbSysLib::Hw::Port&, unsigned char, EmbSysLib::Dev::Digital::Mode, bool)
                0x0000000008004650                EmbSysLib::Dev::Digital::Digital(EmbSysLib::Hw::Port&, unsigned char, EmbSysLib::Dev::Digital::Mode, bool)
 .text._ZN9EmbSysLib3Dev7Digital7setModeENS1_4ModeE
                0x00000000080046b8       0x22 ./Src/lib.o
                0x00000000080046b8                EmbSysLib::Dev::Digital::setMode(EmbSysLib::Dev::Digital::Mode)
 .text._ZN9EmbSysLib3Dev7Digital3setEb
                0x00000000080046da       0x36 ./Src/lib.o
                0x00000000080046da                EmbSysLib::Dev::Digital::set(bool)
 .text._ZN9EmbSysLib3Dev7Digital3getEv
                0x0000000008004710       0x2c ./Src/lib.o
                0x0000000008004710                EmbSysLib::Dev::Digital::get()
 .text._ZN9EmbSysLib3Dev13ScreenGraphicC2ERNS_2Hw14DisplayGraphicE
                0x000000000800473c       0x54 ./Src/lib.o
                0x000000000800473c                EmbSysLib::Dev::ScreenGraphic::ScreenGraphic(EmbSysLib::Hw::DisplayGraphic&)
                0x000000000800473c                EmbSysLib::Dev::ScreenGraphic::ScreenGraphic(EmbSysLib::Hw::DisplayGraphic&)
 .text._ZN9EmbSysLib3Dev13ScreenGraphic5clearEv
                0x0000000008004790       0x22 ./Src/lib.o
                0x0000000008004790                EmbSysLib::Dev::ScreenGraphic::clear()
 .text._ZN9EmbSysLib3Dev13ScreenGraphic7refreshEv
                0x00000000080047b2       0x22 ./Src/lib.o
                0x00000000080047b2                EmbSysLib::Dev::ScreenGraphic::refresh()
 .text._ZN9EmbSysLib3Dev13ScreenGraphic6printfEhhPKcz
                0x00000000080047d4       0x66 ./Src/lib.o
                0x00000000080047d4                EmbSysLib::Dev::ScreenGraphic::printf(unsigned char, unsigned char, char const*, ...)
 .text._ZN9EmbSysLib3Dev13ScreenGraphic7setFontENS_2Hw4FontEh
                0x000000000800483a       0x30 ./Src/lib.o
                0x000000000800483a                EmbSysLib::Dev::ScreenGraphic::setFont(EmbSysLib::Hw::Font, unsigned char)
 .text._ZN9EmbSysLib3Dev13ScreenGraphic7setZoomEh
                0x000000000800486a       0x28 ./Src/lib.o
                0x000000000800486a                EmbSysLib::Dev::ScreenGraphic::setZoom(unsigned char)
 .text._ZN9EmbSysLib3Dev13ScreenGraphic12setBackColorEt
                0x0000000008004892       0x28 ./Src/lib.o
                0x0000000008004892                EmbSysLib::Dev::ScreenGraphic::setBackColor(unsigned short)
 .text._ZN9EmbSysLib3Dev13ScreenGraphic12setTextColorEt
                0x00000000080048ba       0x28 ./Src/lib.o
                0x00000000080048ba                EmbSysLib::Dev::ScreenGraphic::setTextColor(unsigned short)
 .text._ZN9EmbSysLib3Dev13ScreenGraphic8drawTextEttPKcz
                0x00000000080048e2       0x66 ./Src/lib.o
                0x00000000080048e2                EmbSysLib::Dev::ScreenGraphic::drawText(unsigned short, unsigned short, char const*, ...)
 .text._ZN9EmbSysLib3Dev13ScreenGraphic9drawPixelEttt
                0x0000000008004948       0x4a ./Src/lib.o
                0x0000000008004948                EmbSysLib::Dev::ScreenGraphic::drawPixel(unsigned short, unsigned short, unsigned short)
 .text._ZN9EmbSysLib3Dev13ScreenGraphic13drawRectangleEttttt
                0x0000000008004992       0x52 ./Src/lib.o
                0x0000000008004992                EmbSysLib::Dev::ScreenGraphic::drawRectangle(unsigned short, unsigned short, unsigned short, unsigned short, unsigned short)
 .text._ZN9EmbSysLib3Dev13ScreenGraphic13drawRectangleEtttttt
                0x00000000080049e4       0xc8 ./Src/lib.o
                0x00000000080049e4                EmbSysLib::Dev::ScreenGraphic::drawRectangle(unsigned short, unsigned short, unsigned short, unsigned short, unsigned short, unsigned short)
 .text._ZN9EmbSysLib3Dev13ScreenGraphic10drawCircleEttttt
                0x0000000008004aac      0x2a4 ./Src/lib.o
                0x0000000008004aac                EmbSysLib::Dev::ScreenGraphic::drawCircle(unsigned short, unsigned short, unsigned short, unsigned short, unsigned short)
 .text._ZN9EmbSysLib3Dev13ScreenGraphic10drawCircleEtttt
                0x0000000008004d50      0x156 ./Src/lib.o
                0x0000000008004d50                EmbSysLib::Dev::ScreenGraphic::drawCircle(unsigned short, unsigned short, unsigned short, unsigned short)
 .text._ZN9EmbSysLib3Dev13ScreenGraphic8drawLineEtttttt
                0x0000000008004ea6      0x222 ./Src/lib.o
                0x0000000008004ea6                EmbSysLib::Dev::ScreenGraphic::drawLine(unsigned short, unsigned short, unsigned short, unsigned short, unsigned short, unsigned short)
 .text._ZN9EmbSysLib3Dev13ScreenGraphic10drawBitmapEttRNS_2Hw6BitmapE
                0x00000000080050c8       0x38 ./Src/lib.o
                0x00000000080050c8                EmbSysLib::Dev::ScreenGraphic::drawBitmap(unsigned short, unsigned short, EmbSysLib::Hw::Bitmap&)
 .text._ZN9EmbSysLib3Dev7PointerC2ERNS_2Hw5TouchE
                0x0000000008005100       0x40 ./Src/lib.o
                0x0000000008005100                EmbSysLib::Dev::Pointer::Pointer(EmbSysLib::Hw::Touch&)
                0x0000000008005100                EmbSysLib::Dev::Pointer::Pointer(EmbSysLib::Hw::Touch&)
 .text._ZN9EmbSysLib3Dev7Pointer3getEv
                0x0000000008005140      0x1c4 ./Src/lib.o
                0x0000000008005140                EmbSysLib::Dev::Pointer::get()
 .text._ZN9EmbSysLib3Dev8TerminalC2ERNS_2Hw4UartEttPKcS6_
                0x0000000008005304       0x94 ./Src/lib.o
                0x0000000008005304                EmbSysLib::Dev::Terminal::Terminal(EmbSysLib::Hw::Uart&, unsigned short, unsigned short, char const*, char const*)
                0x0000000008005304                EmbSysLib::Dev::Terminal::Terminal(EmbSysLib::Hw::Uart&, unsigned short, unsigned short, char const*, char const*)
 .text._ZN9EmbSysLib3Dev8Terminal6printfEPKcz
                0x0000000008005398       0x58 ./Src/lib.o
                0x0000000008005398                EmbSysLib::Dev::Terminal::printf(char const*, ...)
 .text._ZN9EmbSysLib3Dev11TaskManager4TaskC2Ev
                0x00000000080053f0       0x24 ./Src/lib.o
                0x00000000080053f0                EmbSysLib::Dev::TaskManager::Task::Task()
                0x00000000080053f0                EmbSysLib::Dev::TaskManager::Task::Task()
 .text._ZN9EmbSysLib4Ctrl13DigitalButtonC2ERNS_3Dev7DigitalERNS2_11TaskManagerEtt
                0x0000000008005414       0x9c ./Src/lib.o
                0x0000000008005414                EmbSysLib::Ctrl::DigitalButton::DigitalButton(EmbSysLib::Dev::Digital&, EmbSysLib::Dev::TaskManager&, unsigned short, unsigned short)
                0x0000000008005414                EmbSysLib::Ctrl::DigitalButton::DigitalButton(EmbSysLib::Dev::Digital&, EmbSysLib::Dev::TaskManager&, unsigned short, unsigned short)
 .text._ZN9EmbSysLib4Ctrl13DigitalButton6updateEv
                0x00000000080054b0       0xec ./Src/lib.o
                0x00000000080054b0                EmbSysLib::Ctrl::DigitalButton::update()
 .text._ZN9EmbSysLib4Ctrl14DigitalEncoderC2EPNS_3Dev7DigitalERNS2_11TaskManagerE
                0x000000000800559c       0x48 ./Src/lib.o
                0x000000000800559c                EmbSysLib::Ctrl::DigitalEncoder::DigitalEncoder(EmbSysLib::Dev::Digital*, EmbSysLib::Dev::TaskManager&)
                0x000000000800559c                EmbSysLib::Ctrl::DigitalEncoder::DigitalEncoder(EmbSysLib::Dev::Digital*, EmbSysLib::Dev::TaskManager&)
 .text._ZN9EmbSysLib4Ctrl14DigitalEncoder6updateEv
                0x00000000080055e4       0xc4 ./Src/lib.o
                0x00000000080055e4                EmbSysLib::Ctrl::DigitalEncoder::update()
 .text._ZN9EmbSysLib4Ctrl14DigitalEncoder7getCtrlEv
                0x00000000080056a8       0x40 ./Src/lib.o
                0x00000000080056a8                EmbSysLib::Ctrl::DigitalEncoder::getCtrl()
 .text._ZN9EmbSysLib4Ctrl22DigitalEncoderJoystickC2EPNS_3Dev7DigitalES4_S4_RNS2_11TaskManagerEt
                0x00000000080056e8       0x64 ./Src/lib.o
                0x00000000080056e8                EmbSysLib::Ctrl::DigitalEncoderJoystick::DigitalEncoderJoystick(EmbSysLib::Dev::Digital*, EmbSysLib::Dev::Digital*, EmbSysLib::Dev::Digital*, EmbSysLib::Dev::TaskManager&, unsigned short)
                0x00000000080056e8                EmbSysLib::Ctrl::DigitalEncoderJoystick::DigitalEncoderJoystick(EmbSysLib::Dev::Digital*, EmbSysLib::Dev::Digital*, EmbSysLib::Dev::Digital*, EmbSysLib::Dev::TaskManager&, unsigned short)
 .text._ZN9EmbSysLib4Ctrl22DigitalEncoderJoystick12getIncrementEv
                0x000000000800574c       0xe2 ./Src/lib.o
                0x000000000800574c                EmbSysLib::Ctrl::DigitalEncoderJoystick::getIncrement()
 *fill*         0x000000000800582e        0x2 
 .text._ZN9EmbSysLib4Ctrl16DigitalIndicatorC2ERNS_3Dev7DigitalERNS2_11TaskManagerE
                0x0000000008005830       0x54 ./Src/lib.o
                0x0000000008005830                EmbSysLib::Ctrl::DigitalIndicator::DigitalIndicator(EmbSysLib::Dev::Digital&, EmbSysLib::Dev::TaskManager&)
                0x0000000008005830                EmbSysLib::Ctrl::DigitalIndicator::DigitalIndicator(EmbSysLib::Dev::Digital&, EmbSysLib::Dev::TaskManager&)
 .text._ZN9EmbSysLib4Ctrl16DigitalIndicator6updateEv
                0x0000000008005884       0x90 ./Src/lib.o
                0x0000000008005884                EmbSysLib::Ctrl::DigitalIndicator::update()
 .text._ZN9EmbSysLib4Ctrl16DigitalIndicator3clrEv
                0x0000000008005914       0x3a ./Src/lib.o
                0x0000000008005914                EmbSysLib::Ctrl::DigitalIndicator::clr()
 .text._ZN9EmbSysLib4Ctrl16DigitalIndicator7triggerEt
                0x000000000800594e       0x50 ./Src/lib.o
                0x000000000800594e                EmbSysLib::Ctrl::DigitalIndicator::trigger(unsigned short)
 .text._ZN9EmbSysLib3Std5RANGEItEET_S2_S2_S2_
                0x000000000800599e       0x38 ./Src/lib.o
                0x000000000800599e                unsigned short EmbSysLib::Std::RANGE<unsigned short>(unsigned short, unsigned short, unsigned short)
 .text._ZN9EmbSysLib3Std3MINItEET_S2_S2_
                0x00000000080059d6       0x2a ./Src/lib.o
                0x00000000080059d6                unsigned short EmbSysLib::Std::MIN<unsigned short>(unsigned short, unsigned short)
 .text._ZN9EmbSysLib3Std3MINIhEET_S2_S2_
                0x0000000008005a00       0x2a ./Src/lib.o
                0x0000000008005a00                unsigned char EmbSysLib::Std::MIN<unsigned char>(unsigned char, unsigned char)
 .text._ZN9EmbSysLib3Std8SequenceINS_2Hw5Timer4TaskEE4ItemC2EPS5_
                0x0000000008005a2a       0x2c ./Src/lib.o
                0x0000000008005a2a                EmbSysLib::Std::Sequence<EmbSysLib::Hw::Timer::Task>::Item::Item(EmbSysLib::Std::Sequence<EmbSysLib::Hw::Timer::Task>*)
                0x0000000008005a2a                EmbSysLib::Std::Sequence<EmbSysLib::Hw::Timer::Task>::Item::Item(EmbSysLib::Std::Sequence<EmbSysLib::Hw::Timer::Task>*)
 .text._ZN9EmbSysLib3Std8SequenceINS_2Hw5Timer4TaskEEC2Ev
                0x0000000008005a56       0x1c ./Src/lib.o
                0x0000000008005a56                EmbSysLib::Std::Sequence<EmbSysLib::Hw::Timer::Task>::Sequence()
                0x0000000008005a56                EmbSysLib::Std::Sequence<EmbSysLib::Hw::Timer::Task>::Sequence()
 .text._ZN9EmbSysLib3Std8SequenceINS_2Hw5Timer4TaskEE3addEPS4_
                0x0000000008005a72       0x58 ./Src/lib.o
                0x0000000008005a72                EmbSysLib::Std::Sequence<EmbSysLib::Hw::Timer::Task>::add(EmbSysLib::Hw::Timer::Task*)
 .text._ZN9EmbSysLib3Std8SequenceINS_2Hw5Timer4TaskEE8getFirstEv
                0x0000000008005aca       0x18 ./Src/lib.o
                0x0000000008005aca                EmbSysLib::Std::Sequence<EmbSysLib::Hw::Timer::Task>::getFirst()
 .text._ZN9EmbSysLib3Std8SequenceINS_2Hw5Timer4TaskEE4Item7getNextEv
                0x0000000008005ae2       0x18 ./Src/lib.o
                0x0000000008005ae2                EmbSysLib::Std::Sequence<EmbSysLib::Hw::Timer::Task>::Item::getNext()
 .text._ZN9EmbSysLib3Std4FifoIhEC2Et
                0x0000000008005afa       0x56 ./Src/lib.o
                0x0000000008005afa                EmbSysLib::Std::Fifo<unsigned char>::Fifo(unsigned short)
                0x0000000008005afa                EmbSysLib::Std::Fifo<unsigned char>::Fifo(unsigned short)
 .text._ZN9EmbSysLib3Std4FifoIhE7getSizeEv
                0x0000000008005b50       0x18 ./Src/lib.o
                0x0000000008005b50                EmbSysLib::Std::Fifo<unsigned char>::getSize()
 .text._ZN9EmbSysLib3Std4FifoIhElsERKh
                0x0000000008005b68       0x6c ./Src/lib.o
                0x0000000008005b68                EmbSysLib::Std::Fifo<unsigned char>::operator<<(unsigned char const&)
 .text._ZN9EmbSysLib3Std4FifoIhE7isEmptyEv
                0x0000000008005bd4       0x28 ./Src/lib.o
                0x0000000008005bd4                EmbSysLib::Std::Fifo<unsigned char>::isEmpty()
 .text._ZN9EmbSysLib3Std4FifoIhErsERh
                0x0000000008005bfc       0x68 ./Src/lib.o
                0x0000000008005bfc                EmbSysLib::Std::Fifo<unsigned char>::operator>>(unsigned char&)
 .text._ZN9EmbSysLib3Std4FifoIhE6isFullEv
                0x0000000008005c64       0x2c ./Src/lib.o
                0x0000000008005c64                EmbSysLib::Std::Fifo<unsigned char>::isFull()
 .text._ZN9EmbSysLib3Std5RANGEIsEET_S2_S2_S2_
                0x0000000008005c90       0x46 ./Src/lib.o
                0x0000000008005c90                short EmbSysLib::Std::RANGE<short>(short, short, short)
 .text._ZN9EmbSysLib3Std4FlagINS_4Ctrl13DigitalButton6ActionEEC2ES4_
                0x0000000008005cd6       0x26 ./Src/lib.o
                0x0000000008005cd6                EmbSysLib::Std::Flag<EmbSysLib::Ctrl::DigitalButton::Action>::Flag(EmbSysLib::Ctrl::DigitalButton::Action)
                0x0000000008005cd6                EmbSysLib::Std::Flag<EmbSysLib::Ctrl::DigitalButton::Action>::Flag(EmbSysLib::Ctrl::DigitalButton::Action)
 .text._ZN9EmbSysLib3Std4FlagINS_4Ctrl13DigitalButton6ActionEEaSERKS4_
                0x0000000008005cfc       0x1e ./Src/lib.o
                0x0000000008005cfc                EmbSysLib::Std::Flag<EmbSysLib::Ctrl::DigitalButton::Action>::operator=(EmbSysLib::Ctrl::DigitalButton::Action const&)
 .text._ZN9EmbSysLib3Std4FifoINS_4Ctrl14DigitalEncoder5EventEEC2Et
                0x0000000008005d1a       0x56 ./Src/lib.o
                0x0000000008005d1a                EmbSysLib::Std::Fifo<EmbSysLib::Ctrl::DigitalEncoder::Event>::Fifo(unsigned short)
                0x0000000008005d1a                EmbSysLib::Std::Fifo<EmbSysLib::Ctrl::DigitalEncoder::Event>::Fifo(unsigned short)
 .text._ZN9EmbSysLib3Std4FifoINS_4Ctrl14DigitalEncoder5EventEE6isFullEv
                0x0000000008005d70       0x2c ./Src/lib.o
                0x0000000008005d70                EmbSysLib::Std::Fifo<EmbSysLib::Ctrl::DigitalEncoder::Event>::isFull()
 .text._ZN9EmbSysLib3Std4FifoINS_4Ctrl14DigitalEncoder5EventEElsERKS4_
                0x0000000008005d9c       0x6c ./Src/lib.o
                0x0000000008005d9c                EmbSysLib::Std::Fifo<EmbSysLib::Ctrl::DigitalEncoder::Event>::operator<<(EmbSysLib::Ctrl::DigitalEncoder::Event const&)
 .text._Z41__static_initialization_and_destruction_0ii
                0x0000000008005e08       0x30 ./Src/lib.o
 .text._GLOBAL__sub_I__ZN9EmbSysLib2Hw6System12cntInterruptE
                0x0000000008005e38       0x10 ./Src/lib.o
 .text._ZN9EmbSysLib2Hw9I2Cmaster6DeviceC2ERS1_h
                0x0000000008005e48       0x38 ./Src/main.o
                0x0000000008005e48                EmbSysLib::Hw::I2Cmaster::Device::Device(EmbSysLib::Hw::I2Cmaster&, unsigned char)
                0x0000000008005e48                EmbSysLib::Hw::I2Cmaster::Device::Device(EmbSysLib::Hw::I2Cmaster&, unsigned char)
 .text._ZN9EmbSysLib2Hw9I2Cmaster6Device7isErrorEv
                0x0000000008005e80       0x22 ./Src/main.o
                0x0000000008005e80                EmbSysLib::Hw::I2Cmaster::Device::isError()
 *fill*         0x0000000008005ea2        0x2 
 .text._ZN9EmbSysLib2Hw8Ltdc_McuC2Em
                0x0000000008005ea4       0x48 ./Src/main.o
                0x0000000008005ea4                EmbSysLib::Hw::Ltdc_Mcu::Ltdc_Mcu(unsigned long)
                0x0000000008005ea4                EmbSysLib::Hw::Ltdc_Mcu::Ltdc_Mcu(unsigned long)
 .text._ZN9EmbSysLib2Hw8Ltdc_Mcu4InitEtt
                0x0000000008005eec       0xac ./Src/main.o
                0x0000000008005eec                EmbSysLib::Hw::Ltdc_Mcu::Init(unsigned short, unsigned short)
 .text._ZN9EmbSysLib2Hw8Ltdc_Mcu11LayerConfigEmmh
                0x0000000008005f98       0xcc ./Src/main.o
                0x0000000008005f98                EmbSysLib::Hw::Ltdc_Mcu::LayerConfig(unsigned long, unsigned long, unsigned char)
 .text._ZN9EmbSysLib2Hw7Fmc_McuC2ENS1_7FMCtypeEb
                0x0000000008006064      0x2a0 ./Src/main.o
                0x0000000008006064                EmbSysLib::Hw::Fmc_Mcu::Fmc_Mcu(EmbSysLib::Hw::Fmc_Mcu::FMCtype, bool)
                0x0000000008006064                EmbSysLib::Hw::Fmc_Mcu::Fmc_Mcu(EmbSysLib::Hw::Fmc_Mcu::FMCtype, bool)
 .text._ZN9EmbSysLib2Hw7Fmc_Mcu9startAddrEv
                0x0000000008006304       0x26 ./Src/main.o
                0x0000000008006304                EmbSysLib::Hw::Fmc_Mcu::startAddr()
 *fill*         0x000000000800632a        0x2 
 .text._ZN9EmbSysLib2Hw7Fmc_Mcu10SDRAM_InitEv
                0x000000000800632c      0x100 ./Src/main.o
                0x000000000800632c                EmbSysLib::Hw::Fmc_Mcu::SDRAM_Init()
 .text._ZN9EmbSysLib2Hw7Fmc_Mcu11SendCommandEmmm
                0x000000000800642c       0x80 ./Src/main.o
                0x000000000800642c                EmbSysLib::Hw::Fmc_Mcu::SendCommand(unsigned long, unsigned long, unsigned long)
 .text._ZN9EmbSysLib2Hw7Dsi_McuC2Em
                0x00000000080064ac       0x54 ./Src/main.o
                0x00000000080064ac                EmbSysLib::Hw::Dsi_Mcu::Dsi_Mcu(unsigned long)
                0x00000000080064ac                EmbSysLib::Hw::Dsi_Mcu::Dsi_Mcu(unsigned long)
 .text._ZN9EmbSysLib2Hw7Dsi_Mcu4InitEttb
                0x0000000008006500      0x1e4 ./Src/main.o
                0x0000000008006500                EmbSysLib::Hw::Dsi_Mcu::Init(unsigned short, unsigned short, bool)
 .text._ZN9EmbSysLib2Hw7Dsi_Mcu9startLTDCEtt
                0x00000000080066e4       0x40 ./Src/main.o
                0x00000000080066e4                EmbSysLib::Hw::Dsi_Mcu::startLTDC(unsigned short, unsigned short)
 .text._ZN9EmbSysLib2Hw7Dsi_Mcu10writeShortEhh
                0x0000000008006724       0x4c ./Src/main.o
                0x0000000008006724                EmbSysLib::Hw::Dsi_Mcu::writeShort(unsigned char, unsigned char)
 .text._ZN9EmbSysLib2Hw7Dsi_Mcu9writeLongEPhm
                0x0000000008006770       0x98 ./Src/main.o
                0x0000000008006770                EmbSysLib::Hw::Dsi_Mcu::writeLong(unsigned char*, unsigned long)
 .text._ZN9EmbSysLib2Hw7Dsi_Mcu14DisplayRefreshEv
                0x0000000008006808       0x28 ./Src/main.o
                0x0000000008006808                EmbSysLib::Hw::Dsi_Mcu::DisplayRefresh()
 .text._ZN9EmbSysLib3Dev13ScreenGraphic8getWidthEv
                0x0000000008006830       0x24 ./Src/main.o
                0x0000000008006830                EmbSysLib::Dev::ScreenGraphic::getWidth()
 .text._ZN9EmbSysLib3Dev13ScreenGraphic9getHeightEv
                0x0000000008006854       0x24 ./Src/main.o
                0x0000000008006854                EmbSysLib::Dev::ScreenGraphic::getHeight()
 .text._ZN9EmbSysLib3Dev11TaskManagerC2ERNS_2Hw5TimerE
                0x0000000008006878       0x28 ./Src/main.o
                0x0000000008006878                EmbSysLib::Dev::TaskManager::TaskManager(EmbSysLib::Hw::Timer&)
                0x0000000008006878                EmbSysLib::Dev::TaskManager::TaskManager(EmbSysLib::Hw::Timer&)
 .text._ZN9EmbSysLib3Dev11TaskManager3addEPNS1_4TaskE
                0x00000000080068a0       0x26 ./Src/main.o
                0x00000000080068a0                EmbSysLib::Dev::TaskManager::add(EmbSysLib::Dev::TaskManager::Task*)
 .text._ZN9EmbSysLib3Dev11TaskManager12getCycleTimeEv
                0x00000000080068c6       0x22 ./Src/main.o
                0x00000000080068c6                EmbSysLib::Dev::TaskManager::getCycleTime()
 .text._ZN15myReportHandler8onReportEttb
                0x00000000080068e8       0x2e ./Src/main.o
                0x00000000080068e8                myReportHandler::onReport(unsigned short, unsigned short, bool)
 *fill*         0x0000000008006916        0x2 
 .text._ZN15myReportHandlerC2Ev
                0x0000000008006918       0x24 ./Src/main.o
                0x0000000008006918                myReportHandler::myReportHandler()
                0x0000000008006918                myReportHandler::myReportHandler()
 .text._ZN9EmbSysLib2Hw23DisplayGraphic_OTM8009AC2ERNS0_7Dsi_McuERNS0_4Port3PinENS1_11OrientationENS0_4FontEh
                0x000000000800693c       0xf8 ./Src/main.o
                0x000000000800693c                EmbSysLib::Hw::DisplayGraphic_OTM8009A::DisplayGraphic_OTM8009A(EmbSysLib::Hw::Dsi_Mcu&, EmbSysLib::Hw::Port::Pin&, EmbSysLib::Hw::DisplayGraphic_OTM8009A::Orientation, EmbSysLib::Hw::Font, unsigned char)
                0x000000000800693c                EmbSysLib::Hw::DisplayGraphic_OTM8009A::DisplayGraphic_OTM8009A(EmbSysLib::Hw::Dsi_Mcu&, EmbSysLib::Hw::Port::Pin&, EmbSysLib::Hw::DisplayGraphic_OTM8009A::Orientation, EmbSysLib::Hw::Font, unsigned char)
 .text._ZN9EmbSysLib2Hw23DisplayGraphic_OTM8009A4initEv
                0x0000000008006a34     0x121c ./Src/main.o
                0x0000000008006a34                EmbSysLib::Hw::DisplayGraphic_OTM8009A::init()
 .text._ZN9EmbSysLib2Hw26DisplayGraphic_OTM8009AramC2ERNS0_7Dsi_McuERNS0_4Port3PinENS0_23DisplayGraphic_OTM8009A11OrientationENS0_4FontEh
                0x0000000008007c50       0x98 ./Src/main.o
                0x0000000008007c50                EmbSysLib::Hw::DisplayGraphic_OTM8009Aram::DisplayGraphic_OTM8009Aram(EmbSysLib::Hw::Dsi_Mcu&, EmbSysLib::Hw::Port::Pin&, EmbSysLib::Hw::DisplayGraphic_OTM8009A::Orientation, EmbSysLib::Hw::Font, unsigned char)
                0x0000000008007c50                EmbSysLib::Hw::DisplayGraphic_OTM8009Aram::DisplayGraphic_OTM8009Aram(EmbSysLib::Hw::Dsi_Mcu&, EmbSysLib::Hw::Port::Pin&, EmbSysLib::Hw::DisplayGraphic_OTM8009A::Orientation, EmbSysLib::Hw::Font, unsigned char)
 .text._ZN9EmbSysLib2Hw26DisplayGraphic_OTM8009Aram7refreshEv
                0x0000000008007ce8       0x1a ./Src/main.o
                0x0000000008007ce8                EmbSysLib::Hw::DisplayGraphic_OTM8009Aram::refresh()
 .text._ZN9EmbSysLib2Hw26DisplayGraphic_OTM8009Aram5clearEv
                0x0000000008007d02       0x52 ./Src/main.o
                0x0000000008007d02                EmbSysLib::Hw::DisplayGraphic_OTM8009Aram::clear()
 .text._ZN9EmbSysLib2Hw26DisplayGraphic_OTM8009Aram7setAreaEtttt
                0x0000000008007d54       0x7a ./Src/main.o
                0x0000000008007d54                EmbSysLib::Hw::DisplayGraphic_OTM8009Aram::setArea(unsigned short, unsigned short, unsigned short, unsigned short)
 .text._ZN9EmbSysLib2Hw26DisplayGraphic_OTM8009Aram8setPixelEttt
                0x0000000008007dce       0x48 ./Src/main.o
                0x0000000008007dce                EmbSysLib::Hw::DisplayGraphic_OTM8009Aram::setPixel(unsigned short, unsigned short, unsigned short)
 .text._ZN9EmbSysLib2Hw26DisplayGraphic_OTM8009Aram8setPixelEt
                0x0000000008007e16       0x7a ./Src/main.o
                0x0000000008007e16                EmbSysLib::Hw::DisplayGraphic_OTM8009Aram::setPixel(unsigned short)
 .text._ZN9EmbSysLib2Hw12Touch_FT6206C2ERNS0_9I2CmasterEtt
                0x0000000008007e90       0x44 ./Src/main.o
                0x0000000008007e90                EmbSysLib::Hw::Touch_FT6206::Touch_FT6206(EmbSysLib::Hw::I2Cmaster&, unsigned short, unsigned short)
                0x0000000008007e90                EmbSysLib::Hw::Touch_FT6206::Touch_FT6206(EmbSysLib::Hw::I2Cmaster&, unsigned short, unsigned short)
 .text._ZN9EmbSysLib2Hw12Touch_FT62066updateEv
                0x0000000008007ed4       0x86 ./Src/main.o
                0x0000000008007ed4                EmbSysLib::Hw::Touch_FT6206::update()
 *fill*         0x0000000008007f5a        0x2 
 .text._Z10getADCVoltv
                0x0000000008007f5c       0x48 ./Src/main.o
                0x0000000008007f5c                getADCVolt()
 .text._Z15getInputVoltageff
                0x0000000008007fa4       0x58 ./Src/main.o
                0x0000000008007fa4                getInputVoltage(float, float)
 .text._Z18restartMeasurementRi
                0x0000000008007ffc       0x30 ./Src/main.o
                0x0000000008007ffc                restartMeasurement(int&)
 .text._Z14yCoordFromVoltdi
                0x000000000800802c       0x90 ./Src/main.o
                0x000000000800802c                yCoordFromVolt(double, int)
 .text._ZN7MyTimerC2ERN9EmbSysLib3Dev11TaskManagerE
                0x00000000080080bc       0x3c ./Src/main.o
                0x00000000080080bc                MyTimer::MyTimer(EmbSysLib::Dev::TaskManager&)
                0x00000000080080bc                MyTimer::MyTimer(EmbSysLib::Dev::TaskManager&)
 .text._ZN7MyTimer6updateEv
                0x00000000080080f8       0x84 ./Src/main.o
                0x00000000080080f8                MyTimer::update()
 .text._Z20drawCoordinateSystemii
                0x000000000800817c      0x268 ./Src/main.o
                0x000000000800817c                drawCoordinateSystem(int, int)
 .text._Z14printTimeRangev
                0x00000000080083e4       0x24 ./Src/main.o
                0x00000000080083e4                printTimeRange()
 .text.main     0x0000000008008408      0x190 ./Src/main.o
                0x0000000008008408                main
 .text._ZN9EmbSysLib3Std5RANGEImEET_S2_S2_S2_
                0x0000000008008598       0x32 ./Src/main.o
                0x0000000008008598                unsigned long EmbSysLib::Std::RANGE<unsigned long>(unsigned long, unsigned long, unsigned long)
 .text._ZN9EmbSysLib2Hw9I2Cmaster6Device4readIhNS0_12Touch_FT62067TscDataEEEvT_PT0_
                0x00000000080085ca       0x48 ./Src/main.o
                0x00000000080085ca                void EmbSysLib::Hw::I2Cmaster::Device::read<unsigned char, EmbSysLib::Hw::Touch_FT6206::TscData>(unsigned char, EmbSysLib::Hw::Touch_FT6206::TscData*)
 .text._ZNK9EmbSysLib2Hw4Font4DataILt96ELh25EEcvS1_Ev
                0x0000000008008612       0x20 ./Src/main.o
                0x0000000008008612                EmbSysLib::Hw::Font::Data<(unsigned short)96, (unsigned char)25>::operator EmbSysLib::Hw::Font() const
 *fill*         0x0000000008008632        0x2 
 .text._ZN15myReportHandlerD2Ev
                0x0000000008008634       0x24 ./Src/main.o
                0x0000000008008634                myReportHandler::~myReportHandler()
                0x0000000008008634                myReportHandler::~myReportHandler()
 .text._Z41__static_initialization_and_destruction_0ii
                0x0000000008008658      0x2f0 ./Src/main.o
 .text._GLOBAL__sub_I_report
                0x0000000008008948       0x10 ./Src/main.o
 .text._GLOBAL__sub_D_report
                0x0000000008008958       0x10 ./Src/main.o
 .text.Reset_Handler
                0x0000000008008968       0x50 ./Src/startup.o
                0x0000000008008968                Reset_Handler
 .text.Default_Handler
                0x00000000080089b8        0x2 ./Src/startup.o
                0x00000000080089b8                HASH_RNG_IRQHandler
                0x00000000080089b8                EXTI2_IRQHandler
                0x00000000080089b8                DebugMon_Handler
                0x00000000080089b8                UART8_IRQHandler
                0x00000000080089b8                SPI4_IRQHandler
                0x00000000080089b8                TIM1_CC_IRQHandler
                0x00000000080089b8                DMA2_Stream5_IRQHandler
                0x00000000080089b8                HardFault_Handler
                0x00000000080089b8                JPEG_IRQHandler
                0x00000000080089b8                DMA1_Stream5_IRQHandler
                0x00000000080089b8                CAN3_RX1_IRQHandler
                0x00000000080089b8                PVD_IRQHandler
                0x00000000080089b8                TAMP_STAMP_IRQHandler
                0x00000000080089b8                NMI_Handler
                0x00000000080089b8                CAN2_RX1_IRQHandler
                0x00000000080089b8                EXTI3_IRQHandler
                0x00000000080089b8                DFSDM1_FLT1_IRQHandler
                0x00000000080089b8                TIM8_UP_TIM13_IRQHandler
                0x00000000080089b8                I2C3_ER_IRQHandler
                0x00000000080089b8                DFSDM1_FLT2_IRQHandler
                0x00000000080089b8                EXTI0_IRQHandler
                0x00000000080089b8                I2C2_EV_IRQHandler
                0x00000000080089b8                DMA1_Stream2_IRQHandler
                0x00000000080089b8                CAN1_RX0_IRQHandler
                0x00000000080089b8                FPU_IRQHandler
                0x00000000080089b8                OTG_HS_WKUP_IRQHandler
                0x00000000080089b8                CAN3_SCE_IRQHandler
                0x00000000080089b8                UsageFault_Handler
                0x00000000080089b8                LTDC_ER_IRQHandler
                0x00000000080089b8                CAN2_SCE_IRQHandler
                0x00000000080089b8                DMA2_Stream2_IRQHandler
                0x00000000080089b8                SPI1_IRQHandler
                0x00000000080089b8                TIM6_DAC_IRQHandler
                0x00000000080089b8                TIM1_BRK_TIM9_IRQHandler
                0x00000000080089b8                DCMI_IRQHandler
                0x00000000080089b8                CAN2_RX0_IRQHandler
                0x00000000080089b8                DMA2_Stream3_IRQHandler
                0x00000000080089b8                RTC_ALARM_IRQHandler
                0x00000000080089b8                SAI2_IRQHandler
                0x00000000080089b8                DFSDM1_FLT3_IRQHandler
                0x00000000080089b8                CAN3_RX0_IRQHandler
                0x00000000080089b8                CAN1_RX1_IRQHandler
                0x00000000080089b8                DMA2_Stream0_IRQHandler
                0x00000000080089b8                QUADSPI_IRQHandler
                0x00000000080089b8                I2C1_EV_IRQHandler
                0x00000000080089b8                DMA1_Stream6_IRQHandler
                0x00000000080089b8                DMA1_Stream1_IRQHandler
                0x00000000080089b8                RCC_IRQHandler
                0x00000000080089b8                TIM8_BRK_TIM12_IRQHandler
                0x00000000080089b8                Default_Handler
                0x00000000080089b8                CEC_IRQHandler
                0x00000000080089b8                EXTI15_10_IRQHandler
                0x00000000080089b8                DMA1_Stream7_IRQHandler
                0x00000000080089b8                SPI5_IRQHandler
                0x00000000080089b8                SDMMC1_IRQHandler
                0x00000000080089b8                CAN2_TX_IRQHandler
                0x00000000080089b8                DMA2_Stream7_IRQHandler
                0x00000000080089b8                I2C3_EV_IRQHandler
                0x00000000080089b8                EXTI9_5_IRQHandler
                0x00000000080089b8                RTC_WKUP_IRQHandler
                0x00000000080089b8                LTDC_IRQHandler
                0x00000000080089b8                ETH_WKUP_IRQHandler
                0x00000000080089b8                SPDIF_RX_IRQHandler
                0x00000000080089b8                SPI2_IRQHandler
                0x00000000080089b8                OTG_HS_EP1_IN_IRQHandler
                0x00000000080089b8                MemManage_Handler
                0x00000000080089b8                DMA1_Stream0_IRQHandler
                0x00000000080089b8                CAN1_TX_IRQHandler
                0x00000000080089b8                SVC_Handler
                0x00000000080089b8                EXTI4_IRQHandler
                0x00000000080089b8                DSI_IRQHandler
                0x00000000080089b8                ETH_IRQHandler
                0x00000000080089b8                OTG_HS_EP1_OUT_IRQHandler
                0x00000000080089b8                WWDG_IRQHandler
                0x00000000080089b8                SPI6_IRQHandler
                0x00000000080089b8                MDIOS_IRQHandler
                0x00000000080089b8                I2C4_EV_IRQHandler
                0x00000000080089b8                CAN3_TX_IRQHandler
                0x00000000080089b8                OTG_FS_WKUP_IRQHandler
                0x00000000080089b8                OTG_HS_IRQHandler
                0x00000000080089b8                DMA2D_IRQHandler
                0x00000000080089b8                EXTI1_IRQHandler
                0x00000000080089b8                SDMMC2_IRQHandler
                0x00000000080089b8                UART7_IRQHandler
                0x00000000080089b8                DFSDM1_FLT0_IRQHandler
                0x00000000080089b8                I2C2_ER_IRQHandler
                0x00000000080089b8                DMA2_Stream1_IRQHandler
                0x00000000080089b8                CAN1_SCE_IRQHandler
                0x00000000080089b8                FLASH_IRQHandler
                0x00000000080089b8                DMA2_Stream4_IRQHandler
                0x00000000080089b8                BusFault_Handler
                0x00000000080089b8                SPI3_IRQHandler
                0x00000000080089b8                DMA1_Stream4_IRQHandler
                0x00000000080089b8                I2C1_ER_IRQHandler
                0x00000000080089b8                FMC_IRQHandler
                0x00000000080089b8                LPTIM1_IRQHandler
                0x00000000080089b8                I2C4_ER_IRQHandler
                0x00000000080089b8                DMA2_Stream6_IRQHandler
                0x00000000080089b8                SAI1_IRQHandler
                0x00000000080089b8                DMA1_Stream3_IRQHandler
 .text._Znwj    0x00000000080089ba       0x22 /opt/st/stm32cubeide_1.13.1/plugins/com.st.stm32cube.ide.mcu.externaltools.gnu-tools-for-stm32.11.3.rel1.linux64_1.1.0.202305231506/tools/bin/../lib/gcc/arm-none-eabi/11.3.1/../../../../arm-none-eabi/lib/thumb/v7e-m+dp/hard/libstdc++_nano.a(new_op.o)
                0x00000000080089ba                operator new(unsigned int)
 .text._Znaj    0x00000000080089dc        0x4 /opt/st/stm32cubeide_1.13.1/plugins/com.st.stm32cube.ide.mcu.externaltools.gnu-tools-for-stm32.11.3.rel1.linux64_1.1.0.202305231506/tools/bin/../lib/gcc/arm-none-eabi/11.3.1/../../../../arm-none-eabi/lib/thumb/v7e-m+dp/hard/libstdc++_nano.a(new_opv.o)
                0x00000000080089dc                operator new[](unsigned int)
 .text._ZSt15get_new_handlerv
                0x00000000080089e0       0x10 /opt/st/stm32cubeide_1.13.1/plugins/com.st.stm32cube.ide.mcu.externaltools.gnu-tools-for-stm32.11.3.rel1.linux64_1.1.0.202305231506/tools/bin/../lib/gcc/arm-none-eabi/11.3.1/../../../../arm-none-eabi/lib/thumb/v7e-m+dp/hard/libstdc++_nano.a(new_handler.o)
                0x00000000080089e0                std::get_new_handler()
 .text.abort    0x00000000080089f0        0xe /opt/st/stm32cubeide_1.13.1/plugins/com.st.stm32cube.ide.mcu.externaltools.gnu-tools-for-stm32.11.3.rel1.linux64_1.1.0.202305231506/tools/bin/../lib/gcc/arm-none-eabi/11.3.1/../../../../arm-none-eabi/lib/thumb/v7e-m+dp/hard/libc_nano.a(libc_a-abort.o)
                0x00000000080089f0                abort
 *fill*         0x00000000080089fe        0x2 
 .text.malloc   0x0000000008008a00       0x10 /opt/st/stm32cubeide_1.13.1/plugins/com.st.stm32cube.ide.mcu.externaltools.gnu-tools-for-stm32.11.3.rel1.linux64_1.1.0.202305231506/tools/bin/../lib/gcc/arm-none-eabi/11.3.1/../../../../arm-none-eabi/lib/thumb/v7e-m+dp/hard/libc_nano.a(libc_a-malloc.o)
                0x0000000008008a00                malloc
 .text.sbrk_aligned
                0x0000000008008a10       0x40 /opt/st/stm32cubeide_1.13.1/plugins/com.st.stm32cube.ide.mcu.externaltools.gnu-tools-for-stm32.11.3.rel1.linux64_1.1.0.202305231506/tools/bin/../lib/gcc/arm-none-eabi/11.3.1/../../../../arm-none-eabi/lib/thumb/v7e-m+dp/hard/libc_nano.a(libc_a-mallocr.o)
 .text._malloc_r
                0x0000000008008a50      0x100 /opt/st/stm32cubeide_1.13.1/plugins/com.st.stm32cube.ide.mcu.externaltools.gnu-tools-for-stm32.11.3.rel1.linux64_1.1.0.202305231506/tools/bin/../lib/gcc/arm-none-eabi/11.3.1/../../../../arm-none-eabi/lib/thumb/v7e-m+dp/hard/libc_nano.a(libc_a-mallocr.o)
                0x0000000008008a50                _malloc_r
 .text.__malloc_lock
                0x0000000008008b50        0xc /opt/st/stm32cubeide_1.13.1/plugins/com.st.stm32cube.ide.mcu.externaltools.gnu-tools-for-stm32.11.3.rel1.linux64_1.1.0.202305231506/tools/bin/../lib/gcc/arm-none-eabi/11.3.1/../../../../arm-none-eabi/lib/thumb/v7e-m+dp/hard/libc_nano.a(libc_a-mlock.o)
                0x0000000008008b50                __malloc_lock
 .text.__malloc_unlock
                0x0000000008008b5c        0xc /opt/st/stm32cubeide_1.13.1/plugins/com.st.stm32cube.ide.mcu.externaltools.gnu-tools-for-stm32.11.3.rel1.linux64_1.1.0.202305231506/tools/bin/../lib/gcc/arm-none-eabi/11.3.1/../../../../arm-none-eabi/lib/thumb/v7e-m+dp/hard/libc_nano.a(libc_a-mlock.o)
                0x0000000008008b5c                __malloc_unlock
 .text.__cvt    0x0000000008008b68       0xa4 /opt/st/stm32cubeide_1.13.1/plugins/com.st.stm32cube.ide.mcu.externaltools.gnu-tools-for-stm32.11.3.rel1.linux64_1.1.0.202305231506/tools/bin/../lib/gcc/arm-none-eabi/11.3.1/../../../../arm-none-eabi/lib/thumb/v7e-m+dp/hard/libc_nano.a(libc_a-nano-vfprintf_float.o)
                0x0000000008008b68                __cvt
 .text.__exponent
                0x0000000008008c0c       0x7c /opt/st/stm32cubeide_1.13.1/plugins/com.st.stm32cube.ide.mcu.externaltools.gnu-tools-for-stm32.11.3.rel1.linux64_1.1.0.202305231506/tools/bin/../lib/gcc/arm-none-eabi/11.3.1/../../../../arm-none-eabi/lib/thumb/v7e-m+dp/hard/libc_nano.a(libc_a-nano-vfprintf_float.o)
                0x0000000008008c0c                __exponent
 .text._printf_float
                0x0000000008008c88      0x434 /opt/st/stm32cubeide_1.13.1/plugins/com.st.stm32cube.ide.mcu.externaltools.gnu-tools-for-stm32.11.3.rel1.linux64_1.1.0.202305231506/tools/bin/../lib/gcc/arm-none-eabi/11.3.1/../../../../arm-none-eabi/lib/thumb/v7e-m+dp/hard/libc_nano.a(libc_a-nano-vfprintf_float.o)
                0x0000000008008c88                _printf_float
 .text._printf_common
                0x00000000080090bc       0xda /opt/st/stm32cubeide_1.13.1/plugins/com.st.stm32cube.ide.mcu.externaltools.gnu-tools-for-stm32.11.3.rel1.linux64_1.1.0.202305231506/tools/bin/../lib/gcc/arm-none-eabi/11.3.1/../../../../arm-none-eabi/lib/thumb/v7e-m+dp/hard/libc_nano.a(libc_a-nano-vfprintf_i.o)
                0x00000000080090bc                _printf_common
 *fill*         0x0000000008009196        0x2 
 .text._printf_i
                0x0000000008009198      0x244 /opt/st/stm32cubeide_1.13.1/plugins/com.st.stm32cube.ide.mcu.externaltools.gnu-tools-for-stm32.11.3.rel1.linux64_1.1.0.202305231506/tools/bin/../lib/gcc/arm-none-eabi/11.3.1/../../../../arm-none-eabi/lib/thumb/v7e-m+dp/hard/libc_nano.a(libc_a-nano-vfprintf_i.o)
                0x0000000008009198                _printf_i
 .text.std      0x00000000080093dc       0x48 /opt/st/stm32cubeide_1.13.1/plugins/com.st.stm32cube.ide.mcu.externaltools.gnu-tools-for-stm32.11.3.rel1.linux64_1.1.0.202305231506/tools/bin/../lib/gcc/arm-none-eabi/11.3.1/../../../../arm-none-eabi/lib/thumb/v7e-m+dp/hard/libc_nano.a(libc_a-findfp.o)
 .text.stdio_exit_handler
                0x0000000008009424       0x18 /opt/st/stm32cubeide_1.13.1/plugins/com.st.stm32cube.ide.mcu.externaltools.gnu-tools-for-stm32.11.3.rel1.linux64_1.1.0.202305231506/tools/bin/../lib/gcc/arm-none-eabi/11.3.1/../../../../arm-none-eabi/lib/thumb/v7e-m+dp/hard/libc_nano.a(libc_a-findfp.o)
 .text.cleanup_stdio
                0x000000000800943c       0x40 /opt/st/stm32cubeide_1.13.1/plugins/com.st.stm32cube.ide.mcu.externaltools.gnu-tools-for-stm32.11.3.rel1.linux64_1.1.0.202305231506/tools/bin/../lib/gcc/arm-none-eabi/11.3.1/../../../../arm-none-eabi/lib/thumb/v7e-m+dp/hard/libc_nano.a(libc_a-findfp.o)
 .text.global_stdio_init.part.0
                0x000000000800947c       0x3c /opt/st/stm32cubeide_1.13.1/plugins/com.st.stm32cube.ide.mcu.externaltools.gnu-tools-for-stm32.11.3.rel1.linux64_1.1.0.202305231506/tools/bin/../lib/gcc/arm-none-eabi/11.3.1/../../../../arm-none-eabi/lib/thumb/v7e-m+dp/hard/libc_nano.a(libc_a-findfp.o)
 .text.__sfp_lock_acquire
                0x00000000080094b8        0xc /opt/st/stm32cubeide_1.13.1/plugins/com.st.stm32cube.ide.mcu.externaltools.gnu-tools-for-stm32.11.3.rel1.linux64_1.1.0.202305231506/tools/bin/../lib/gcc/arm-none-eabi/11.3.1/../../../../arm-none-eabi/lib/thumb/v7e-m+dp/hard/libc_nano.a(libc_a-findfp.o)
                0x00000000080094b8                __sfp_lock_acquire
 .text.__sfp_lock_release
                0x00000000080094c4        0xc /opt/st/stm32cubeide_1.13.1/plugins/com.st.stm32cube.ide.mcu.externaltools.gnu-tools-for-stm32.11.3.rel1.linux64_1.1.0.202305231506/tools/bin/../lib/gcc/arm-none-eabi/11.3.1/../../../../arm-none-eabi/lib/thumb/v7e-m+dp/hard/libc_nano.a(libc_a-findfp.o)
                0x00000000080094c4                __sfp_lock_release
 .text.__sinit  0x00000000080094d0       0x30 /opt/st/stm32cubeide_1.13.1/plugins/com.st.stm32cube.ide.mcu.externaltools.gnu-tools-for-stm32.11.3.rel1.linux64_1.1.0.202305231506/tools/bin/../lib/gcc/arm-none-eabi/11.3.1/../../../../arm-none-eabi/lib/thumb/v7e-m+dp/hard/libc_nano.a(libc_a-findfp.o)
                0x00000000080094d0                __sinit
 .text._fwalk_sglue
                0x0000000008009500       0x3c /opt/st/stm32cubeide_1.13.1/plugins/com.st.stm32cube.ide.mcu.externaltools.gnu-tools-for-stm32.11.3.rel1.linux64_1.1.0.202305231506/tools/bin/../lib/gcc/arm-none-eabi/11.3.1/../../../../arm-none-eabi/lib/thumb/v7e-m+dp/hard/libc_nano.a(libc_a-fwalk.o)
                0x0000000008009500                _fwalk_sglue
 .text.__sread  0x000000000800953c       0x22 /opt/st/stm32cubeide_1.13.1/plugins/com.st.stm32cube.ide.mcu.externaltools.gnu-tools-for-stm32.11.3.rel1.linux64_1.1.0.202305231506/tools/bin/../lib/gcc/arm-none-eabi/11.3.1/../../../../arm-none-eabi/lib/thumb/v7e-m+dp/hard/libc_nano.a(libc_a-stdio.o)
                0x000000000800953c                __sread
 .text.__swrite
                0x000000000800955e       0x38 /opt/st/stm32cubeide_1.13.1/plugins/com.st.stm32cube.ide.mcu.externaltools.gnu-tools-for-stm32.11.3.rel1.linux64_1.1.0.202305231506/tools/bin/../lib/gcc/arm-none-eabi/11.3.1/../../../../arm-none-eabi/lib/thumb/v7e-m+dp/hard/libc_nano.a(libc_a-stdio.o)
                0x000000000800955e                __swrite
 .text.__sseek  0x0000000008009596       0x24 /opt/st/stm32cubeide_1.13.1/plugins/com.st.stm32cube.ide.mcu.externaltools.gnu-tools-for-stm32.11.3.rel1.linux64_1.1.0.202305231506/tools/bin/../lib/gcc/arm-none-eabi/11.3.1/../../../../arm-none-eabi/lib/thumb/v7e-m+dp/hard/libc_nano.a(libc_a-stdio.o)
                0x0000000008009596                __sseek
 .text.__sclose
                0x00000000080095ba        0x8 /opt/st/stm32cubeide_1.13.1/plugins/com.st.stm32cube.ide.mcu.externaltools.gnu-tools-for-stm32.11.3.rel1.linux64_1.1.0.202305231506/tools/bin/../lib/gcc/arm-none-eabi/11.3.1/../../../../arm-none-eabi/lib/thumb/v7e-m+dp/hard/libc_nano.a(libc_a-stdio.o)
                0x00000000080095ba                __sclose
 .text._vsnprintf_r
                0x00000000080095c2       0x56 /opt/st/stm32cubeide_1.13.1/plugins/com.st.stm32cube.ide.mcu.externaltools.gnu-tools-for-stm32.11.3.rel1.linux64_1.1.0.202305231506/tools/bin/../lib/gcc/arm-none-eabi/11.3.1/../../../../arm-none-eabi/lib/thumb/v7e-m+dp/hard/libc_nano.a(libc_a-vsnprintf.o)
                0x00000000080095c2                _vsnprintf_r
                0x00000000080095c2                _vsniprintf_r
 .text.vsnprintf
                0x0000000008009618       0x1c /opt/st/stm32cubeide_1.13.1/plugins/com.st.stm32cube.ide.mcu.externaltools.gnu-tools-for-stm32.11.3.rel1.linux64_1.1.0.202305231506/tools/bin/../lib/gcc/arm-none-eabi/11.3.1/../../../../arm-none-eabi/lib/thumb/v7e-m+dp/hard/libc_nano.a(libc_a-vsnprintf.o)
                0x0000000008009618                vsnprintf
                0x0000000008009618                vsniprintf
 .text.memset   0x0000000008009634       0x10 /opt/st/stm32cubeide_1.13.1/plugins/com.st.stm32cube.ide.mcu.externaltools.gnu-tools-for-stm32.11.3.rel1.linux64_1.1.0.202305231506/tools/bin/../lib/gcc/arm-none-eabi/11.3.1/../../../../arm-none-eabi/lib/thumb/v7e-m+dp/hard/libc_nano.a(libc_a-memset.o)
                0x0000000008009634                memset
 .text._raise_r
                0x0000000008009644       0x50 /opt/st/stm32cubeide_1.13.1/plugins/com.st.stm32cube.ide.mcu.externaltools.gnu-tools-for-stm32.11.3.rel1.linux64_1.1.0.202305231506/tools/bin/../lib/gcc/arm-none-eabi/11.3.1/../../../../arm-none-eabi/lib/thumb/v7e-m+dp/hard/libc_nano.a(libc_a-signal.o)
                0x0000000008009644                _raise_r
 .text.raise    0x0000000008009694       0x10 /opt/st/stm32cubeide_1.13.1/plugins/com.st.stm32cube.ide.mcu.externaltools.gnu-tools-for-stm32.11.3.rel1.linux64_1.1.0.202305231506/tools/bin/../lib/gcc/arm-none-eabi/11.3.1/../../../../arm-none-eabi/lib/thumb/v7e-m+dp/hard/libc_nano.a(libc_a-signal.o)
                0x0000000008009694                raise
 .text._localeconv_r
                0x00000000080096a4        0x8 /opt/st/stm32cubeide_1.13.1/plugins/com.st.stm32cube.ide.mcu.externaltools.gnu-tools-for-stm32.11.3.rel1.linux64_1.1.0.202305231506/tools/bin/../lib/gcc/arm-none-eabi/11.3.1/../../../../arm-none-eabi/lib/thumb/v7e-m+dp/hard/libc_nano.a(libc_a-localeconv.o)
                0x00000000080096a4                _localeconv_r
 .text._close_r
                0x00000000080096ac       0x20 /opt/st/stm32cubeide_1.13.1/plugins/com.st.stm32cube.ide.mcu.externaltools.gnu-tools-for-stm32.11.3.rel1.linux64_1.1.0.202305231506/tools/bin/../lib/gcc/arm-none-eabi/11.3.1/../../../../arm-none-eabi/lib/thumb/v7e-m+dp/hard/libc_nano.a(libc_a-closer.o)
                0x00000000080096ac                _close_r
 .text._lseek_r
                0x00000000080096cc       0x24 /opt/st/stm32cubeide_1.13.1/plugins/com.st.stm32cube.ide.mcu.externaltools.gnu-tools-for-stm32.11.3.rel1.linux64_1.1.0.202305231506/tools/bin/../lib/gcc/arm-none-eabi/11.3.1/../../../../arm-none-eabi/lib/thumb/v7e-m+dp/hard/libc_nano.a(libc_a-lseekr.o)
                0x00000000080096cc                _lseek_r
 .text._read_r  0x00000000080096f0       0x24 /opt/st/stm32cubeide_1.13.1/plugins/com.st.stm32cube.ide.mcu.externaltools.gnu-tools-for-stm32.11.3.rel1.linux64_1.1.0.202305231506/tools/bin/../lib/gcc/arm-none-eabi/11.3.1/../../../../arm-none-eabi/lib/thumb/v7e-m+dp/hard/libc_nano.a(libc_a-readr.o)
                0x00000000080096f0                _read_r
 .text._kill_r  0x0000000008009714       0x24 /opt/st/stm32cubeide_1.13.1/plugins/com.st.stm32cube.ide.mcu.externaltools.gnu-tools-for-stm32.11.3.rel1.linux64_1.1.0.202305231506/tools/bin/../lib/gcc/arm-none-eabi/11.3.1/../../../../arm-none-eabi/lib/thumb/v7e-m+dp/hard/libc_nano.a(libc_a-signalr.o)
                0x0000000008009714                _kill_r
 .text._getpid_r
                0x0000000008009738        0x4 /opt/st/stm32cubeide_1.13.1/plugins/com.st.stm32cube.ide.mcu.externaltools.gnu-tools-for-stm32.11.3.rel1.linux64_1.1.0.202305231506/tools/bin/../lib/gcc/arm-none-eabi/11.3.1/../../../../arm-none-eabi/lib/thumb/v7e-m+dp/hard/libc_nano.a(libc_a-signalr.o)
                0x0000000008009738                _getpid_r
 .text._sbrk_r  0x000000000800973c       0x20 /opt/st/stm32cubeide_1.13.1/plugins/com.st.stm32cube.ide.mcu.externaltools.gnu-tools-for-stm32.11.3.rel1.linux64_1.1.0.202305231506/tools/bin/../lib/gcc/arm-none-eabi/11.3.1/../../../../arm-none-eabi/lib/thumb/v7e-m+dp/hard/libc_nano.a(libc_a-sbrkr.o)
                0x000000000800973c                _sbrk_r
 .text._write_r
                0x000000000800975c       0x24 /opt/st/stm32cubeide_1.13.1/plugins/com.st.stm32cube.ide.mcu.externaltools.gnu-tools-for-stm32.11.3.rel1.linux64_1.1.0.202305231506/tools/bin/../lib/gcc/arm-none-eabi/11.3.1/../../../../arm-none-eabi/lib/thumb/v7e-m+dp/hard/libc_nano.a(libc_a-writer.o)
                0x000000000800975c                _write_r
 .text.__libc_init_array
                0x0000000008009780       0x48 /opt/st/stm32cubeide_1.13.1/plugins/com.st.stm32cube.ide.mcu.externaltools.gnu-tools-for-stm32.11.3.rel1.linux64_1.1.0.202305231506/tools/bin/../lib/gcc/arm-none-eabi/11.3.1/../../../../arm-none-eabi/lib/thumb/v7e-m+dp/hard/libc_nano.a(libc_a-init.o)
                0x0000000008009780                __libc_init_array
 .text.__retarget_lock_acquire_recursive
                0x00000000080097c8        0x2 /opt/st/stm32cubeide_1.13.1/plugins/com.st.stm32cube.ide.mcu.externaltools.gnu-tools-for-stm32.11.3.rel1.linux64_1.1.0.202305231506/tools/bin/../lib/gcc/arm-none-eabi/11.3.1/../../../../arm-none-eabi/lib/thumb/v7e-m+dp/hard/libc_nano.a(libc_a-lock.o)
                0x00000000080097c8                __retarget_lock_acquire_recursive
 .text.__retarget_lock_release_recursive
                0x00000000080097ca        0x2 /opt/st/stm32cubeide_1.13.1/plugins/com.st.stm32cube.ide.mcu.externaltools.gnu-tools-for-stm32.11.3.rel1.linux64_1.1.0.202305231506/tools/bin/../lib/gcc/arm-none-eabi/11.3.1/../../../../arm-none-eabi/lib/thumb/v7e-m+dp/hard/libc_nano.a(libc_a-lock.o)
                0x00000000080097ca                __retarget_lock_release_recursive
 .text.quorem   0x00000000080097cc      0x110 /opt/st/stm32cubeide_1.13.1/plugins/com.st.stm32cube.ide.mcu.externaltools.gnu-tools-for-stm32.11.3.rel1.linux64_1.1.0.202305231506/tools/bin/../lib/gcc/arm-none-eabi/11.3.1/../../../../arm-none-eabi/lib/thumb/v7e-m+dp/hard/libc_nano.a(libc_a-dtoa.o)
 *fill*         0x00000000080098dc        0x4 
 .text._dtoa_r  0x00000000080098e0      0xad8 /opt/st/stm32cubeide_1.13.1/plugins/com.st.stm32cube.ide.mcu.externaltools.gnu-tools-for-stm32.11.3.rel1.linux64_1.1.0.202305231506/tools/bin/../lib/gcc/arm-none-eabi/11.3.1/../../../../arm-none-eabi/lib/thumb/v7e-m+dp/hard/libc_nano.a(libc_a-dtoa.o)
                0x00000000080098e0                _dtoa_r
 .text._free_r  0x000000000800a3b8       0x98 /opt/st/stm32cubeide_1.13.1/plugins/com.st.stm32cube.ide.mcu.externaltools.gnu-tools-for-stm32.11.3.rel1.linux64_1.1.0.202305231506/tools/bin/../lib/gcc/arm-none-eabi/11.3.1/../../../../arm-none-eabi/lib/thumb/v7e-m+dp/hard/libc_nano.a(libc_a-freer.o)
                0x000000000800a3b8                _free_r
 .text._Balloc  0x000000000800a450       0x80 /opt/st/stm32cubeide_1.13.1/plugins/com.st.stm32cube.ide.mcu.externaltools.gnu-tools-for-stm32.11.3.rel1.linux64_1.1.0.202305231506/tools/bin/../lib/gcc/arm-none-eabi/11.3.1/../../../../arm-none-eabi/lib/thumb/v7e-m+dp/hard/libc_nano.a(libc_a-mprec.o)
                0x000000000800a450                _Balloc
 .text._Bfree   0x000000000800a4d0       0x44 /opt/st/stm32cubeide_1.13.1/plugins/com.st.stm32cube.ide.mcu.externaltools.gnu-tools-for-stm32.11.3.rel1.linux64_1.1.0.202305231506/tools/bin/../lib/gcc/arm-none-eabi/11.3.1/../../../../arm-none-eabi/lib/thumb/v7e-m+dp/hard/libc_nano.a(libc_a-mprec.o)
                0x000000000800a4d0                _Bfree
 .text.__multadd
                0x000000000800a514       0x8c /opt/st/stm32cubeide_1.13.1/plugins/com.st.stm32cube.ide.mcu.externaltools.gnu-tools-for-stm32.11.3.rel1.linux64_1.1.0.202305231506/tools/bin/../lib/gcc/arm-none-eabi/11.3.1/../../../../arm-none-eabi/lib/thumb/v7e-m+dp/hard/libc_nano.a(libc_a-mprec.o)
                0x000000000800a514                __multadd
 .text.__hi0bits
                0x000000000800a5a0       0x40 /opt/st/stm32cubeide_1.13.1/plugins/com.st.stm32cube.ide.mcu.externaltools.gnu-tools-for-stm32.11.3.rel1.linux64_1.1.0.202305231506/tools/bin/../lib/gcc/arm-none-eabi/11.3.1/../../../../arm-none-eabi/lib/thumb/v7e-m+dp/hard/libc_nano.a(libc_a-mprec.o)
                0x000000000800a5a0                __hi0bits
 .text.__lo0bits
                0x000000000800a5e0       0x5a /opt/st/stm32cubeide_1.13.1/plugins/com.st.stm32cube.ide.mcu.externaltools.gnu-tools-for-stm32.11.3.rel1.linux64_1.1.0.202305231506/tools/bin/../lib/gcc/arm-none-eabi/11.3.1/../../../../arm-none-eabi/lib/thumb/v7e-m+dp/hard/libc_nano.a(libc_a-mprec.o)
                0x000000000800a5e0                __lo0bits
 *fill*         0x000000000800a63a        0x2 
 .text.__i2b    0x000000000800a63c       0x2c /opt/st/stm32cubeide_1.13.1/plugins/com.st.stm32cube.ide.mcu.externaltools.gnu-tools-for-stm32.11.3.rel1.linux64_1.1.0.202305231506/tools/bin/../lib/gcc/arm-none-eabi/11.3.1/../../../../arm-none-eabi/lib/thumb/v7e-m+dp/hard/libc_nano.a(libc_a-mprec.o)
                0x000000000800a63c                __i2b
 .text.__multiply
                0x000000000800a668      0x154 /opt/st/stm32cubeide_1.13.1/plugins/com.st.stm32cube.ide.mcu.externaltools.gnu-tools-for-stm32.11.3.rel1.linux64_1.1.0.202305231506/tools/bin/../lib/gcc/arm-none-eabi/11.3.1/../../../../arm-none-eabi/lib/thumb/v7e-m+dp/hard/libc_nano.a(libc_a-mprec.o)
                0x000000000800a668                __multiply
 .text.__pow5mult
                0x000000000800a7bc       0xb4 /opt/st/stm32cubeide_1.13.1/plugins/com.st.stm32cube.ide.mcu.externaltools.gnu-tools-for-stm32.11.3.rel1.linux64_1.1.0.202305231506/tools/bin/../lib/gcc/arm-none-eabi/11.3.1/../../../../arm-none-eabi/lib/thumb/v7e-m+dp/hard/libc_nano.a(libc_a-mprec.o)
                0x000000000800a7bc                __pow5mult
 .text.__lshift
                0x000000000800a870       0xd8 /opt/st/stm32cubeide_1.13.1/plugins/com.st.stm32cube.ide.mcu.externaltools.gnu-tools-for-stm32.11.3.rel1.linux64_1.1.0.202305231506/tools/bin/../lib/gcc/arm-none-eabi/11.3.1/../../../../arm-none-eabi/lib/thumb/v7e-m+dp/hard/libc_nano.a(libc_a-mprec.o)
                0x000000000800a870                __lshift
 .text.__mcmp   0x000000000800a948       0x38 /opt/st/stm32cubeide_1.13.1/plugins/com.st.stm32cube.ide.mcu.externaltools.gnu-tools-for-stm32.11.3.rel1.linux64_1.1.0.202305231506/tools/bin/../lib/gcc/arm-none-eabi/11.3.1/../../../../arm-none-eabi/lib/thumb/v7e-m+dp/hard/libc_nano.a(libc_a-mprec.o)
                0x000000000800a948                __mcmp